
./octez-client --protocol PtKathmankSpLLDALzWw7CGD2j2MtyveTwboEYokqUCP4a1LxMg --mode mockup --no-base-dir-warnings typecheck script tests_python/contracts_014/opcodes/map_size.tz --details
Well typed
Gas remaining: 1039997.277 units remaining
{ parameter (map string nat) ;
  storage nat ;
  code { CAR
         /* [ map string nat ] */ ;
         SIZE
         /* [ nat ] */ ;
         NIL operation
         /* [ list operation : nat ] */ ;
         PAIR
         /* [ pair (list operation) nat ] */ } }
