
./octez-client --protocol PtKathmankSpLLDALzWw7CGD2j2MtyveTwboEYokqUCP4a1LxMg --mode mockup --no-base-dir-warnings typecheck script tests_python/contracts_014/opcodes/list_concat.tz --details
Well typed
Gas remaining: 1039996.374 units remaining
{ parameter (list string) ;
  storage string ;
  code { UNPAIR
         /* [ list string : string ] */ ;
         SWAP
         /* [ string : list string ] */ ;
         CONS
         /* [ list string ] */ ;
         CONCAT
         /* [ string ] */ ;
         NIL operation
         /* [ list operation : string ] */ ;
         PAIR
         /* [ pair (list operation) string ] */ } }
