
./octez-client --protocol PtMumbaiveNjgvoAng9E3AtNqtBtCQWqpXJdPEdAanAYCZbCgey --mode mockup --no-base-dir-warnings typecheck script tests_python/contracts_016/opcodes/store_input.tz --details
Well typed
Gas remaining: 1039997.907 units remaining
{ parameter string ;
  storage string ;
  code { CAR
         /* [ string ] */ ;
         NIL operation
         /* [ list operation : string ] */ ;
         PAIR
         /* [ pair (list operation) string ] */ } }
