
./octez-client --protocol PtNairob7pXeHYjDSDn6xXbA7M6UeNtuNXmQTay1rG1nN6Y5M17 --mode mockup --no-base-dir-warnings typecheck script michelson_test_scripts/entrypoints/simple_entrypoints.tz --details
Well typed
Gas remaining: 1039997.574 units remaining
{ parameter (or (unit %A) (or (string %B) (nat %C))) ;
  storage unit ;
  code { CDR
         /* [ unit ] */ ;
         NIL operation
         /* [ list operation : unit ] */ ;
         PAIR
         /* [ pair (list operation) unit ] */ } }
