
./octez-client --protocol PtNairob7pXeHYjDSDn6xXbA7M6UeNtuNXmQTay1rG1nN6Y5M17 --mode mockup --no-base-dir-warnings typecheck script michelson_test_scripts/opcodes/sapling_empty_state.tz --details
Well typed
Gas remaining: 1039997.397 units remaining
{ parameter unit ;
  storage (sapling_state 8) ;
  code { DROP
         /* [] */ ;
         SAPLING_EMPTY_STATE 8
         /* [ sapling_state 8 ] */ ;
         NIL operation
         /* [ list operation : sapling_state 8 ] */ ;
         PAIR
         /* [ pair (list operation) (sapling_state 8) ] */ } }
