
./octez-client --protocol PtNairob7pXeHYjDSDn6xXbA7M6UeNtuNXmQTay1rG1nN6Y5M17 --mode mockup --no-base-dir-warnings typecheck script michelson_test_scripts/mini_scenarios/very_small.tz --details
Well typed
Gas remaining: 1039997.443 units remaining
{ parameter unit ;
  storage unit ;
  code { UNPAIR
         /* [ unit : unit ] */ ;
         DROP
         /* [ unit ] */ ;
         NIL operation
         /* [ list operation : unit ] */ ;
         PAIR
         /* [ pair (list operation) unit ] */ } }
