
./octez-client --protocol PtNairob7pXeHYjDSDn6xXbA7M6UeNtuNXmQTay1rG1nN6Y5M17 --mode mockup --no-base-dir-warnings typecheck script michelson_test_scripts/opcodes/bls12_381_fr_z_int.tz --details
Well typed
Gas remaining: 1039997.443 units remaining
{ parameter int ;
  storage bls12_381_fr ;
  code { UNPAIR
         /* [ int : bls12_381_fr ] */ ;
         MUL
         /* [ bls12_381_fr ] */ ;
         NIL operation
         /* [ list operation : bls12_381_fr ] */ ;
         PAIR
         /* [ pair (list operation) bls12_381_fr ] */ } }
