
./octez-client --protocol PtMumbaiaByZhjUPaSHEdbLZ6LUzw2YdzbGE2VX2oHSKAS4K2MD --mode mockup --no-base-dir-warnings run script ./tests_python/contracts_016/opcodes/reverse.tz on storage '{""}' and input '{}' --level 1 --trace-stack
storage
  {}
emitted operations
  
big_map diff
  
trace
  - location: 9 (just consumed gas: 6.956)
    [ (Pair {} { "" }) ]
  - location: 9 (just consumed gas: 0.010)
    [ {} ]
  - location: 10 (just consumed gas: 0.010)
    [ {}
      {} ]
  - location: 12 (just consumed gas: 0.010)
    [ {}
      {} ]
  - location: 13 (just consumed gas: 0)
    [ {} ]
  - location: 16 (just consumed gas: 0.010)
    [ {}
      {} ]
  - location: 18 (just consumed gas: 0.010)
    [ (Pair {} {}) ]

