
./octez-client --protocol ProxfordLcjScHFgpTURyTjcKR88D5juu1jGgT18pPUoGTVgxiA --mode mockup --no-base-dir-warnings run script michelson_test_scripts/opcodes/concat_list.tz on storage '""' and input '{}' --level 1 --trace-stack
storage
  ""
emitted operations
  
big_map diff
  
trace
  - location: 8 (just consumed gas: 10.492)
    [ (Pair {} "") ]
  - location: 8 (just consumed gas: 0.010)
    [ {} ]
  - location: 9 (just consumed gas: 0.010)
    [ ""
      {} ]
  - location: 12 (just consumed gas: 0.010)
    [ {}
      "" ]
  - location: 13 (just consumed gas: 0)
    [ "" ]
  - location: 24 (just consumed gas: 0.010)
    [ {}
      "" ]
  - location: 26 (just consumed gas: 0.010)
    [ (Pair {} "") ]

