RPC_REQUEST_URI: POST $SCHEME://$HOST:$PORT/v0/preimage
RPC_REQUEST_HEADER: Content-Type: application/json


RPC_REQUEST_BODY: "74657374"
RPC_RESPONSE_BODY: "00a3703854279d2f377d689163d1ec911a840d84b56c4c6f6cafdf0610394df7c6"

