
./octez-client --protocol PtMumbaiaByZhjUPaSHEdbLZ6LUzw2YdzbGE2VX2oHSKAS4K2MD --mode mockup --no-base-dir-warnings typecheck script tests_python/contracts_016/opcodes/bls12_381_fr_to_mutez.tz --details
Well typed
Gas remaining: 1039993.594 units remaining
{ parameter bls12_381_fr ;
  storage mutez ;
  code { CAR
         /* [ bls12_381_fr ] */ ;
         INT
         /* [ int ] */ ;
         ISNAT
         /* [ option nat ] */ ;
         ASSERT_SOME ;
         PUSH mutez 1
         /* [ mutez : nat ] */ ;
         MUL
         /* [ mutez ] */ ;
         NIL operation
         /* [ list operation : mutez ] */ ;
         PAIR
         /* [ pair (list operation) mutez ] */ } }
