

{
  "opponent": "tz1faswCTDciRzE4oJ9jn2Vm2dvjeyA9fUzU",
  "start_tick": "396000000000",
  "end_tick": "429000000000",
  "dissection": [
    {
      "tick": "396000000000"
    },
    {
      "tick": "407000000000"
    },
    {
      "tick": "418000000000"
    },
    {
      "tick": "429000000000"
    }
  ]
}


{
  "opponent": "tz1faswCTDciRzE4oJ9jn2Vm2dvjeyA9fUzU",
  "start_tick": "396000000000",
  "end_tick": "396343750000",
  "dissection": [
    {
      "tick": "396000000000"
    },
    {
      "tick": "396010742187"
    },
    {
      "tick": "396021484374"
    },
    {
      "tick": "396032226561"
    },
    {
      "tick": "396042968748"
    },
    {
      "tick": "396053710935"
    },
    {
      "tick": "396064453122"
    },
    {
      "tick": "396075195309"
    },
    {
      "tick": "396085937496"
    },
    {
      "tick": "396096679683"
    },
    {
      "tick": "396107421870"
    },
    {
      "tick": "396118164057"
    },
    {
      "tick": "396128906244"
    },
    {
      "tick": "396139648431"
    },
    {
      "tick": "396150390618"
    },
    {
      "tick": "396161132805"
    },
    {
      "tick": "396171874992"
    },
    {
      "tick": "396182617179"
    },
    {
      "tick": "396193359366"
    },
    {
      "tick": "396204101553"
    },
    {
      "tick": "396214843740"
    },
    {
      "tick": "396225585927"
    },
    {
      "tick": "396236328114"
    },
    {
      "tick": "396247070301"
    },
    {
      "tick": "396257812488"
    },
    {
      "tick": "396268554675"
    },
    {
      "tick": "396279296862"
    },
    {
      "tick": "396290039049"
    },
    {
      "tick": "396300781236"
    },
    {
      "tick": "396311523423"
    },
    {
      "tick": "396322265610"
    },
    {
      "tick": "396333007797"
    },
    {
      "tick": "396343750000"
    }
  ]
}


{
  "opponent": "tz1faswCTDciRzE4oJ9jn2Vm2dvjeyA9fUzU",
  "start_tick": "396000000000",
  "end_tick": "396000335693",
  "dissection": [
    {
      "tick": "396000000000"
    },
    {
      "tick": "396000010490"
    },
    {
      "tick": "396000020980"
    },
    {
      "tick": "396000031470"
    },
    {
      "tick": "396000041960"
    },
    {
      "tick": "396000052450"
    },
    {
      "tick": "396000062940"
    },
    {
      "tick": "396000073430"
    },
    {
      "tick": "396000083920"
    },
    {
      "tick": "396000094410"
    },
    {
      "tick": "396000104900"
    },
    {
      "tick": "396000115390"
    },
    {
      "tick": "396000125880"
    },
    {
      "tick": "396000136370"
    },
    {
      "tick": "396000146860"
    },
    {
      "tick": "396000157350"
    },
    {
      "tick": "396000167840"
    },
    {
      "tick": "396000178330"
    },
    {
      "tick": "396000188820"
    },
    {
      "tick": "396000199310"
    },
    {
      "tick": "396000209800"
    },
    {
      "tick": "396000220290"
    },
    {
      "tick": "396000230780"
    },
    {
      "tick": "396000241270"
    },
    {
      "tick": "396000251760"
    },
    {
      "tick": "396000262250"
    },
    {
      "tick": "396000272740"
    },
    {
      "tick": "396000283230"
    },
    {
      "tick": "396000293720"
    },
    {
      "tick": "396000304210"
    },
    {
      "tick": "396000314700"
    },
    {
      "tick": "396000325190"
    },
    {
      "tick": "396000335693"
    }
  ]
}


{
  "opponent": "tz1faswCTDciRzE4oJ9jn2Vm2dvjeyA9fUzU",
  "start_tick": "396000000000",
  "end_tick": "396000335693",
  "dissection": [
    {
      "tick": "396000000000"
    },
    {
      "tick": "396000010490"
    },
    {
      "tick": "396000020980"
    },
    {
      "tick": "396000031470"
    },
    {
      "tick": "396000041960"
    },
    {
      "tick": "396000052450"
    },
    {
      "tick": "396000062940"
    },
    {
      "tick": "396000073430"
    },
    {
      "tick": "396000083920"
    },
    {
      "tick": "396000094410"
    },
    {
      "tick": "396000104900"
    },
    {
      "tick": "396000115390"
    },
    {
      "tick": "396000125880"
    },
    {
      "tick": "396000136370"
    },
    {
      "tick": "396000146860"
    },
    {
      "tick": "396000157350"
    },
    {
      "tick": "396000167840"
    },
    {
      "tick": "396000178330"
    },
    {
      "tick": "396000188820"
    },
    {
      "tick": "396000199310"
    },
    {
      "tick": "396000209800"
    },
    {
      "tick": "396000220290"
    },
    {
      "tick": "396000230780"
    },
    {
      "tick": "396000241270"
    },
    {
      "tick": "396000251760"
    },
    {
      "tick": "396000262250"
    },
    {
      "tick": "396000272740"
    },
    {
      "tick": "396000283230"
    },
    {
      "tick": "396000293720"
    },
    {
      "tick": "396000304210"
    },
    {
      "tick": "396000314700"
    },
    {
      "tick": "396000325190"
    },
    {
      "tick": "396000335693"
    }
  ]
}


{
  "opponent": "tz1faswCTDciRzE4oJ9jn2Vm2dvjeyA9fUzU",
  "start_tick": "396000000000",
  "end_tick": "396000000327",
  "dissection": [
    {
      "tick": "396000000000"
    },
    {
      "tick": "396000000010"
    },
    {
      "tick": "396000000020"
    },
    {
      "tick": "396000000030"
    },
    {
      "tick": "396000000040"
    },
    {
      "tick": "396000000050"
    },
    {
      "tick": "396000000060"
    },
    {
      "tick": "396000000070"
    },
    {
      "tick": "396000000080"
    },
    {
      "tick": "396000000090"
    },
    {
      "tick": "396000000100"
    },
    {
      "tick": "396000000110"
    },
    {
      "tick": "396000000120"
    },
    {
      "tick": "396000000130"
    },
    {
      "tick": "396000000140"
    },
    {
      "tick": "396000000150"
    },
    {
      "tick": "396000000160"
    },
    {
      "tick": "396000000170"
    },
    {
      "tick": "396000000180"
    },
    {
      "tick": "396000000190"
    },
    {
      "tick": "396000000200"
    },
    {
      "tick": "396000000210"
    },
    {
      "tick": "396000000220"
    },
    {
      "tick": "396000000230"
    },
    {
      "tick": "396000000240"
    },
    {
      "tick": "396000000250"
    },
    {
      "tick": "396000000260"
    },
    {
      "tick": "396000000270"
    },
    {
      "tick": "396000000280"
    },
    {
      "tick": "396000000290"
    },
    {
      "tick": "396000000300"
    },
    {
      "tick": "396000000310"
    },
    {
      "tick": "396000000327"
    }
  ]
}


{
  "opponent": "tz1faswCTDciRzE4oJ9jn2Vm2dvjeyA9fUzU",
  "start_tick": "396000000008",
  "end_tick": "396000000009",
  "dissection": [
    {
      "tick": "396000000008"
    },
    {
      "tick": "396000000009"
    }
  ]
}


{
  "opponent": "tz1gjaF81ZRRvdzjobyfVNsAeSC6PScjfQwN",
  "start_tick": "88000000000",
  "end_tick": "110000000000",
  "dissection": [
    {
      "tick": "88000000000"
    },
    {
      "tick": "99000000000"
    },
    {
      "tick": "110000000000"
    }
  ]
}


{
  "opponent": "tz1gjaF81ZRRvdzjobyfVNsAeSC6PScjfQwN",
  "start_tick": "99000000000",
  "end_tick": "99343750000",
  "dissection": [
    {
      "tick": "99000000000"
    },
    {
      "tick": "99010742187"
    },
    {
      "tick": "99021484374"
    },
    {
      "tick": "99032226561"
    },
    {
      "tick": "99042968748"
    },
    {
      "tick": "99053710935"
    },
    {
      "tick": "99064453122"
    },
    {
      "tick": "99075195309"
    },
    {
      "tick": "99085937496"
    },
    {
      "tick": "99096679683"
    },
    {
      "tick": "99107421870"
    },
    {
      "tick": "99118164057"
    },
    {
      "tick": "99128906244"
    },
    {
      "tick": "99139648431"
    },
    {
      "tick": "99150390618"
    },
    {
      "tick": "99161132805"
    },
    {
      "tick": "99171874992"
    },
    {
      "tick": "99182617179"
    },
    {
      "tick": "99193359366"
    },
    {
      "tick": "99204101553"
    },
    {
      "tick": "99214843740"
    },
    {
      "tick": "99225585927"
    },
    {
      "tick": "99236328114"
    },
    {
      "tick": "99247070301"
    },
    {
      "tick": "99257812488"
    },
    {
      "tick": "99268554675"
    },
    {
      "tick": "99279296862"
    },
    {
      "tick": "99290039049"
    },
    {
      "tick": "99300781236"
    },
    {
      "tick": "99311523423"
    },
    {
      "tick": "99322265610"
    },
    {
      "tick": "99333007797"
    },
    {
      "tick": "99343750000"
    }
  ]
}


{
  "opponent": "tz1gjaF81ZRRvdzjobyfVNsAeSC6PScjfQwN",
  "start_tick": "99000000000",
  "end_tick": "99000335693",
  "dissection": [
    {
      "tick": "99000000000"
    },
    {
      "tick": "99000010490"
    },
    {
      "tick": "99000020980"
    },
    {
      "tick": "99000031470"
    },
    {
      "tick": "99000041960"
    },
    {
      "tick": "99000052450"
    },
    {
      "tick": "99000062940"
    },
    {
      "tick": "99000073430"
    },
    {
      "tick": "99000083920"
    },
    {
      "tick": "99000094410"
    },
    {
      "tick": "99000104900"
    },
    {
      "tick": "99000115390"
    },
    {
      "tick": "99000125880"
    },
    {
      "tick": "99000136370"
    },
    {
      "tick": "99000146860"
    },
    {
      "tick": "99000157350"
    },
    {
      "tick": "99000167840"
    },
    {
      "tick": "99000178330"
    },
    {
      "tick": "99000188820"
    },
    {
      "tick": "99000199310"
    },
    {
      "tick": "99000209800"
    },
    {
      "tick": "99000220290"
    },
    {
      "tick": "99000230780"
    },
    {
      "tick": "99000241270"
    },
    {
      "tick": "99000251760"
    },
    {
      "tick": "99000262250"
    },
    {
      "tick": "99000272740"
    },
    {
      "tick": "99000283230"
    },
    {
      "tick": "99000293720"
    },
    {
      "tick": "99000304210"
    },
    {
      "tick": "99000314700"
    },
    {
      "tick": "99000325190"
    },
    {
      "tick": "99000335693"
    }
  ]
}


{
  "opponent": "tz1gjaF81ZRRvdzjobyfVNsAeSC6PScjfQwN",
  "start_tick": "99000000000",
  "end_tick": "99000000327",
  "dissection": [
    {
      "tick": "99000000000"
    },
    {
      "tick": "99000000010"
    },
    {
      "tick": "99000000020"
    },
    {
      "tick": "99000000030"
    },
    {
      "tick": "99000000040"
    },
    {
      "tick": "99000000050"
    },
    {
      "tick": "99000000060"
    },
    {
      "tick": "99000000070"
    },
    {
      "tick": "99000000080"
    },
    {
      "tick": "99000000090"
    },
    {
      "tick": "99000000100"
    },
    {
      "tick": "99000000110"
    },
    {
      "tick": "99000000120"
    },
    {
      "tick": "99000000130"
    },
    {
      "tick": "99000000140"
    },
    {
      "tick": "99000000150"
    },
    {
      "tick": "99000000160"
    },
    {
      "tick": "99000000170"
    },
    {
      "tick": "99000000180"
    },
    {
      "tick": "99000000190"
    },
    {
      "tick": "99000000200"
    },
    {
      "tick": "99000000210"
    },
    {
      "tick": "99000000220"
    },
    {
      "tick": "99000000230"
    },
    {
      "tick": "99000000240"
    },
    {
      "tick": "99000000250"
    },
    {
      "tick": "99000000260"
    },
    {
      "tick": "99000000270"
    },
    {
      "tick": "99000000280"
    },
    {
      "tick": "99000000290"
    },
    {
      "tick": "99000000300"
    },
    {
      "tick": "99000000310"
    },
    {
      "tick": "99000000327"
    }
  ]
}


{
  "opponent": "tz1b7tUupMgCNw2cCLpKTkSD1NZzB5TkP2sv",
  "start_tick": "396000000000",
  "end_tick": "429000000000",
  "dissection": [
    {
      "tick": "396000000000"
    },
    {
      "tick": "407000000000"
    },
    {
      "tick": "418000000000"
    },
    {
      "tick": "429000000000"
    }
  ]
}


{
  "opponent": "tz1b7tUupMgCNw2cCLpKTkSD1NZzB5TkP2sv",
  "start_tick": "396000000000",
  "end_tick": "429000000000",
  "dissection": [
    {
      "tick": "396000000000"
    },
    {
      "tick": "407000000000"
    },
    {
      "tick": "418000000000"
    },
    {
      "tick": "429000000000"
    }
  ]
}


{
  "opponent": "tz1b7tUupMgCNw2cCLpKTkSD1NZzB5TkP2sv",
  "start_tick": "396000000000",
  "end_tick": "396000335693",
  "dissection": [
    {
      "tick": "396000000000"
    },
    {
      "tick": "396000010490"
    },
    {
      "tick": "396000020980"
    },
    {
      "tick": "396000031470"
    },
    {
      "tick": "396000041960"
    },
    {
      "tick": "396000052450"
    },
    {
      "tick": "396000062940"
    },
    {
      "tick": "396000073430"
    },
    {
      "tick": "396000083920"
    },
    {
      "tick": "396000094410"
    },
    {
      "tick": "396000104900"
    },
    {
      "tick": "396000115390"
    },
    {
      "tick": "396000125880"
    },
    {
      "tick": "396000136370"
    },
    {
      "tick": "396000146860"
    },
    {
      "tick": "396000157350"
    },
    {
      "tick": "396000167840"
    },
    {
      "tick": "396000178330"
    },
    {
      "tick": "396000188820"
    },
    {
      "tick": "396000199310"
    },
    {
      "tick": "396000209800"
    },
    {
      "tick": "396000220290"
    },
    {
      "tick": "396000230780"
    },
    {
      "tick": "396000241270"
    },
    {
      "tick": "396000251760"
    },
    {
      "tick": "396000262250"
    },
    {
      "tick": "396000272740"
    },
    {
      "tick": "396000283230"
    },
    {
      "tick": "396000293720"
    },
    {
      "tick": "396000304210"
    },
    {
      "tick": "396000314700"
    },
    {
      "tick": "396000325190"
    },
    {
      "tick": "396000335693"
    }
  ]
}


{
  "opponent": "tz1b7tUupMgCNw2cCLpKTkSD1NZzB5TkP2sv",
  "start_tick": "396000000008",
  "end_tick": "396000000009",
  "dissection": [
    {
      "tick": "396000000008"
    },
    {
      "tick": "396000000009"
    }
  ]
}
