

{
  "opponent": "tz1gjaF81ZRRvdzjobyfVNsAeSC6PScjfQwN",
  "start_tick": "0",
  "end_tick": "468",
  "dissection": [
    {
      "state": "srs136U2KJweAXf7Excw61Zeu5R5L7mi2TCb1WKkowQJ6UdHJ2VZWS",
      "tick": "0"
    },
    {
      "state": "srs128joyFgCL925jvb5udQ4UZgfD9VgC6aZMBC5Eoh3FYAhbURXoM",
      "tick": "14"
    },
    {
      "state": "srs12bVi7k1VWm8JfCtWg5w4LLUY8L7Sf2xDXMU3bbuTX3XMHaVMR6",
      "tick": "28"
    },
    {
      "state": "srs12NNgE4r6baqUNrv2BqqNQ7p5mDiXfkhjCmf5HbbS29gGquEcvn",
      "tick": "42"
    },
    {
      "state": "srs12vuovVTb1gE3c5BYjCYP66ofnRvHuh7zyHMcSGyW3oym5WcYXS",
      "tick": "56"
    },
    {
      "state": "srs11meuqZHKb4ZqKfDuB1HAdm8S1XkZ1P6t3oiJA1NscSJ1kCTKLM",
      "tick": "70"
    },
    {
      "state": "srs11Wm4wfYbMoqRH9ZnuiFQmSffreE4SeXH9C91mCe7nBmtWNaWf9",
      "tick": "84"
    },
    {
      "state": "srs12xMyun6vqs3hVNuiirjsUCj4AWefjoJuRUdcFhhM5KiwQKkGVm",
      "tick": "98"
    },
    {
      "state": "srs12RZY13ERrM6doFj8oTf2yddnS9Yc1YohTuhAY1vYdFERfe6M9n",
      "tick": "112"
    },
    {
      "state": "srs11i4iZysGrNvc5RzSnZA2zUCQETgucGo8P2yFvZoXydNWF6cozz",
      "tick": "126"
    },
    {
      "state": "srs11oc9atKcSbRT35sF9ZtPe4G99AEcXWtNDYRZhhbG4dW2619kvq",
      "tick": "140"
    },
    {
      "state": "srs12TREp3rhQtVgVQFxctCKWC8AR39Ujxgzezr3oC39DeKRd7sb9S",
      "tick": "154"
    },
    {
      "state": "srs11ckdyyRkUB7hMNB7ALpP4Bk1fysQp6kBH1ijbYYoYtkpPTdRSu",
      "tick": "168"
    },
    {
      "state": "srs13NHqAHMZsxFNZP8KEPu6yyYQ5qgXQcXyHGMA8CgnZLhSsuErrW",
      "tick": "182"
    },
    {
      "state": "srs11Znn2S2ayKQGNV3d8upReQBqvEkThbQES3JcQBhLDHggcjYNjU",
      "tick": "196"
    },
    {
      "state": "srs13FwyVw2KDVLLzUHA85N1DufA6WfKtBcUhuMpnxZxLThETMKM8d",
      "tick": "210"
    },
    {
      "state": "srs13EwUUfsMbyWFCmmoLqPQ2mGXNMfCyPyLwL2rMbEsDjGPcqekLE",
      "tick": "224"
    },
    {
      "state": "srs13HrmniFfh4wR2gjbngERLmkWmRio8mYQDR2nd8uiEvxFyXw975",
      "tick": "238"
    },
    {
      "state": "srs138FQDX2R85kXjGpYFToXhaZta4XstF6DZAZUufoDNG3W7wY2FX",
      "tick": "252"
    },
    {
      "state": "srs1251GzUyZds2SB7AJHCTJePw8CSxA7Gsa4Ct26QbCqzsAKzTjkG",
      "tick": "266"
    },
    {
      "state": "srs11zffQgrtXkPRunavN6XphChyJUxoMLNVLbWBdAz36heNFNsvu2",
      "tick": "280"
    },
    {
      "state": "srs11tQ37dNNFNDdTHmuxDucWdLNLgRy3eBsnqCRgqdm3kCs5DCGFx",
      "tick": "294"
    },
    {
      "state": "srs12FzcsReyRP72ZBdV6RNiJRPU82tS127acPBbWwVYUmde8RvGEG",
      "tick": "308"
    },
    {
      "state": "srs13E5YYAnuUpNkEJFqPASQSyFSnzLv2VhNBWxm92EVLtE1kAe2TY",
      "tick": "322"
    },
    {
      "state": "srs129GzpncVtFcvsN8YwLC36Z3XxuWzTCFRkUFa1JpHL3cMr5Sow5",
      "tick": "336"
    },
    {
      "state": "srs11ixkpzga9fsspL4vwmPN1EHvbCrCkAMm3SM52nEw1cHYqWr21D",
      "tick": "350"
    },
    {
      "state": "srs11c8g1eQMxWWX3rkw1ZKAJPJdrQADe5QZKGbM5pFmhrcNvL4wK7",
      "tick": "364"
    },
    {
      "state": "srs12g4dRHa7VSMAbqschUbUz6AdPVo9RFt7yaqgYMzRrri9HpGqkP",
      "tick": "378"
    },
    {
      "state": "srs1356JSJbNoBSLTSoCuydF3WWF2Wndgotxqbg1bVpcgsCNwbXGkk",
      "tick": "392"
    },
    {
      "state": "srs13HzqvGpNDFtajsj5iycFszXk6GmnKshTDh4ZwA1fP8px1fqn9j",
      "tick": "406"
    },
    {
      "tick": "420"
    },
    {
      "tick": "434"
    },
    {
      "tick": "468"
    }
  ]
}


{
  "opponent": "tz1gjaF81ZRRvdzjobyfVNsAeSC6PScjfQwN",
  "start_tick": "185",
  "end_tick": "186",
  "dissection": [
    {
      "state": "srs132zgZnhyR3wYwQEMLHJS7amKck1N5jXRqaBSEXnALJuDLfR79U",
      "tick": "185"
    },
    {
      "state": "srs12XPyEqRQsm7Fv6V15NEcw7gSgZ1ugvsbdLpQcVrZNcxNQVPhz9",
      "tick": "186"
    }
  ]
}
