

{
  "opponent": "tz1gjaF81ZRRvdzjobyfVNsAeSC6PScjfQwN",
  "start_tick": "0",
  "end_tick": "629",
  "dissection": [
    {
      "state": "srs136U2KJweAXf7Excw61Zeu5R5L7mi2TCb1WKkowQJ6UdHJ2VZWS",
      "tick": "0"
    },
    {
      "state": "srs12bGSQL2TiMrjfmxiUULSRwp56vE6K4ZeBkeHBRkFPHtg2uWqmf",
      "tick": "19"
    },
    {
      "state": "srs11c5QH4Niye7AvBYdergLjgjftwXeqPSxaFnHSkJHcM95puqKa1",
      "tick": "38"
    },
    {
      "state": "srs12PHwThyib9dZsEPxac16u2JBsp1rAmG6Xm2WgdMivqkr5pazob",
      "tick": "57"
    },
    {
      "state": "srs13CDXu2ZVPyUgvMni3GzCYcYYoPimoKb4ooji7QtFm5WcoJ8VxG",
      "tick": "76"
    },
    {
      "state": "srs11sMR2KXY7k1ihc4itaRevzHinKun42Mu6jE1ZYm8AQxT7zN6CD",
      "tick": "95"
    },
    {
      "state": "srs11a59vHTD7K3v7HruyaMKhR4H2TQYReDZw2mTC5vNwH4Fwb9BmY",
      "tick": "114"
    },
    {
      "state": "srs11XZaBzUFwxvdrb4i3LNu6ZQYR4rjyQCgyS8Yxyvo5jqDj1zFUQ",
      "tick": "133"
    },
    {
      "state": "srs125cburuwC1Lik81c7iGYMHM6CrmQnfwYrUU8HiSzit4LqVRabP",
      "tick": "152"
    },
    {
      "state": "srs132FxpggquapUF3mbPyRLcG6ShLUD6s2QfdgbC9uhvEisYFktEL",
      "tick": "171"
    },
    {
      "state": "srs11qLnWZrp3unw38QCG4yBrsEvozfxecmEwU5ELvqAtjPK35KAaX",
      "tick": "190"
    },
    {
      "state": "srs1374p9L9CbHL4ZAEF8MrvxjbNyQsadYUZQrumma8EbPwwy24xDq",
      "tick": "209"
    },
    {
      "state": "srs12FD5Npk6XRqN4iQnQPrXHXeKYBsL2W9SS94kbPUcgyh2DsMBnr",
      "tick": "228"
    },
    {
      "state": "srs11TivhwBQn9ueDdaodJhymQoWyAdzVpNgjfYzcWG839JzpW2A66",
      "tick": "247"
    },
    {
      "state": "srs12XP3RRd1JVvsk2N4iRQqBhjajvh8Si9SwjHmRFE2FCfPHfCrSm",
      "tick": "266"
    },
    {
      "state": "srs12YFG24qiMKdzBRVGWBDCP4QkVnuSx15Rvvz9NksxEjey2vfPH9",
      "tick": "285"
    },
    {
      "state": "srs11xeM5c96t8Fi9Wc4MCYMkhrZn51FtFXzNCr1Q1CBEZoXahUCHR",
      "tick": "304"
    },
    {
      "state": "srs13N9xfSBhnXcokybD2GMch6DSX8AJCtLnuquiSYk7eRAHgkU4L6",
      "tick": "323"
    },
    {
      "state": "srs11cdq8FcdDAUyAVCnpLVbJAm4xjLQUij8L7H697VAGrGeSLojdx",
      "tick": "342"
    },
    {
      "state": "srs11tuZfAWEhfY2jDbJXdCL5oVVScphmxgmxYhosagUR6bWgmXy9e",
      "tick": "361"
    },
    {
      "state": "srs1392ckqHpQc6TUQa8MgE7wGjN6vDgn3sai7ZcRBMH5VG2inXCqu",
      "tick": "380"
    },
    {
      "state": "srs12ZV9BZikxwsCehTtC9ZbEqd3NoXGjvBVTTmjXaNrpiFwzLXvFp",
      "tick": "399"
    },
    {
      "state": "srs128dtWaQCtVcJEWbARNekXYLQBCXQ2s2Yw9G2Anr6RYEKdFXuzb",
      "tick": "418"
    },
    {
      "state": "srs12PjoUjbdGGGGQ5NQHLN1c8joiDh65AofZMM2ymassawCYwYj56",
      "tick": "437"
    },
    {
      "state": "srs12cfaC6R6GhrvNhiAvVoSWzyMXU2EmHgo9QHJNuVyxG14mcjkqK",
      "tick": "456"
    },
    {
      "state": "srs13NAEFQAUJvutvNeyrxvb79nLWXfsJtP2rMinPcGvPmMKeazXsE",
      "tick": "475"
    },
    {
      "state": "srs12gDAw27K2mFjZd7ZtGbwE8H2rNKvUT94Q12z44cHJAMzdSUsgs",
      "tick": "494"
    },
    {
      "state": "srs12s6WPvn38GvFPFfpUz76CjJa86qQhKganoPktkk3tCrJbAreBf",
      "tick": "513"
    },
    {
      "state": "srs12VAqKg4ZGhFEPR7d6wTzjvX4XqLuyo2Eygvi6KCmj6mooYb95d",
      "tick": "532"
    },
    {
      "state": "srs12MPVVPCQJRyHBYR2oJgn77W2PbG5ubTW9aCbKvpt3yyAuSktgJ",
      "tick": "551"
    },
    {
      "state": "srs12CzUeaFzRqNgDxBBAnoPRAsDQb7AoXai9HpiMsGwmHdXv2qroc",
      "tick": "570"
    },
    {
      "tick": "589"
    },
    {
      "tick": "629"
    }
  ]
}


{
  "opponent": "tz1gjaF81ZRRvdzjobyfVNsAeSC6PScjfQwN",
  "start_tick": "236",
  "end_tick": "237",
  "dissection": [
    {
      "state": "srs12ysajPpNZFktSJMmtnTDXGAkwGHzNokWPhh6cWwNnYgo59xEmo",
      "tick": "236"
    },
    {
      "state": "srs138Qy9JhRomsCdedkg3sEC2w4bCMKAyGjkk6Dq8yu5hnyUJitC5",
      "tick": "237"
    }
  ]
}
