

{
  "opponent": "tz1gjaF81ZRRvdzjobyfVNsAeSC6PScjfQwN",
  "start_tick": "0",
  "end_tick": "629",
  "dissection": [
    {
      "state": "srs136U2KJweAXf7Excw61Zeu5R5L7mi2TCb1WKkowQJ6UdHJ2VZWS",
      "tick": "0"
    },
    {
      "state": "srs12LtvNoGEMc5Cg4WKjsCExk6UV65kToqjb5bezPdYYAfmnsyqpK",
      "tick": "19"
    },
    {
      "state": "srs13BG2riVLmebcwDDyY6gs912xMQUnREoi7g5596PjypUw6qsmHf",
      "tick": "38"
    },
    {
      "state": "srs12vURqAQpi8fUKg2QgYqPiCvokNpnQoxsWNvQ5HCjh9wsBwYEiJ",
      "tick": "57"
    },
    {
      "state": "srs11vEqGA3hiLsUXWsaz2vfsWjPPVRxvRenTBPWa2oQGvYJMaEtBb",
      "tick": "76"
    },
    {
      "state": "srs123bwvA7WJu9XnR98Kwrnb5HeBGeHRs9B7cUnCNFuM1pJULrJMd",
      "tick": "95"
    },
    {
      "state": "srs13Jbg61R8MwBD6Std1trsQyt7YQFCF4JSokYYmvX4UNPpqDgLE8",
      "tick": "114"
    },
    {
      "state": "srs12eGyFhe2oizPkWpkduRkh8kK8edgNm97siKGKRAgkLVCrG2VHp",
      "tick": "133"
    },
    {
      "state": "srs11enJcDohMUTZne3TCXNuHreAcvWuJrEfRsucDQPD4wUcT3Hfuh",
      "tick": "152"
    },
    {
      "state": "srs12zcLpoR8pc3xtHg2EtmQkk8WgsyFULQAMzvLQUFzkdsTy7LZFm",
      "tick": "171"
    },
    {
      "state": "srs11TRgHL8DeM3GD3JiuvPGZocmCaQgUsMHkjb7bgzrp27B4ySAH9",
      "tick": "190"
    },
    {
      "state": "srs12Bw964oGVGzY48eaxhR5ugqJtKhz3cPYks6RBvUtm9xjgbrxmS",
      "tick": "209"
    },
    {
      "state": "srs12Fzt2PmTcX6wzFd9nJ4kq7nyrhzXwmYqnWXyZ2fHMqYTm1dx3c",
      "tick": "228"
    },
    {
      "state": "srs11gTRx84j7Gf9MPSqbFVhZPsgopsr1XUR87gGrj5UNU2Vut45Ur",
      "tick": "247"
    },
    {
      "state": "srs11whkpaw9e4fKtCWXfFP6bWtdZ3MEQPSA7eP7qukTHTBYuoeNom",
      "tick": "266"
    },
    {
      "state": "srs12iBKp98e9VSK7z9y1rA4WNLB5qm4iKDN3B5GjdaTUC2bYzodyP",
      "tick": "285"
    },
    {
      "state": "srs12XCeJeD5ZXBr7Xjo89suxCFMeeq424CpeKoysVxANNEUGjqQuF",
      "tick": "304"
    },
    {
      "state": "srs12je1UxEJGrX2ggjspCwxYqkx3n4rwVxspmRaBrRwbZ9JYixLxo",
      "tick": "323"
    },
    {
      "state": "srs137yUYjCHuj4aorSQYAEa6qJFNxcTKDWdEmxzkhq9mbxJFm7KbN",
      "tick": "342"
    },
    {
      "state": "srs13Avb38WEpdkZjRDpMYFXKHaDy2S1hsyWD8DHsRmUZq5RMC1Qfz",
      "tick": "361"
    },
    {
      "state": "srs11pusPgt5vjq4Fn4dCzXJd9hSCcwiDx6KsxswpecortgG24vBDx",
      "tick": "380"
    },
    {
      "state": "srs11WHmW9csK5g8LACyJN5Du5B2k5zqGjVWG9Zk1YTi7SyXKTUWS9",
      "tick": "399"
    },
    {
      "state": "srs12Y1iGg9isvRWBnfqfqfdG8B1jLMAnm92sJNCXHkNhZv48SYCSk",
      "tick": "418"
    },
    {
      "state": "srs12xkZDc2CgGHwk713ADVNogbphcfzKCsbhageQynsnzM8aEQ2o9",
      "tick": "437"
    },
    {
      "state": "srs12seb2qALud9sdgpQXYgJqKP9NVnUZkcnFs6vZwX3fBZWeJmQ3Z",
      "tick": "456"
    },
    {
      "state": "srs13MsF7rTqeLziREztxpAeoSaazj1Qicq6sfLh6u3KxD6Q1BkyDB",
      "tick": "475"
    },
    {
      "state": "srs12ZwUL8AKvQswXzipG8VGeKmYzSWb4MrHUqPQDjs6Ku8z9YCt3t",
      "tick": "494"
    },
    {
      "state": "srs11s6RhyC7rgdwofyKHu4UXX7gvgmTiHBHGKZpKMPWMDvF9qMuFw",
      "tick": "513"
    },
    {
      "state": "srs132gssAHmVRth62PGdNCDS4GPBkEmQVicSN1QMe5JgFxUap9mKV",
      "tick": "532"
    },
    {
      "state": "srs12v6NZfqnHqr1V5WNV9hdm1piQLUfSuMoEYT5kNk7KaMMFMsNSc",
      "tick": "551"
    },
    {
      "state": "srs12qdpbApZiMhGLSbVjXf7P2AkucE3rTvp7aq8Eoo3cnDV5EqoFN",
      "tick": "570"
    },
    {
      "tick": "589"
    },
    {
      "tick": "629"
    }
  ]
}


{
  "opponent": "tz1gjaF81ZRRvdzjobyfVNsAeSC6PScjfQwN",
  "start_tick": "236",
  "end_tick": "237",
  "dissection": [
    {
      "state": "srs11gGrbFNZaZ4g73ZqTm8DRhHzxegsvnSmuUdJrL5x3QcrjJfaZF",
      "tick": "236"
    },
    {
      "state": "srs12puqdyTt3HU9XAyUHXnM2ktdMKkvgi44VGidxxw8xCzptqzzAC",
      "tick": "237"
    }
  ]
}
