
./octez-codec encode 018-Proxford.tez from '"7322135"'
97f4be03

./octez-codec decode 018-Proxford.tez from 97f4be03
"7322135"

./octez-codec encode 018-Proxford.tez from '"0"'
00

./octez-codec decode 018-Proxford.tez from 00
"0"
