tests/test_contract_opcodes.py::TestContractOpcodes::test_contract_input_output[list_id_map.tz-{""}-{ "a" ; "b" ; "c" }-{ "a" ; "b" ; "c" }]

storage
  { "a" ; "b" ; "c" }
emitted operations
  
big_map diff
  
trace
  - location: 8 (remaining gas: 1039735000 units remaining)
    [ (Pair { "a" ; "b" ; "c" } { "" })  	 ]
  - location: 9 (remaining gas: 1039734940 units remaining)
    [ { "a" ; "b" ; "c" }  	@parameter ]
  - location: 11 (remaining gas: 1039734640 units remaining)
    [ "a"  	@parameter.elt ]
  - location: 11 (remaining gas: 1039734620 units remaining)
    [ "b"  	@parameter.elt ]
  - location: 11 (remaining gas: 1039734600 units remaining)
    [ "c"  	@parameter.elt ]
  - location: 10 (remaining gas: 1039734600 units remaining)
    [ { "a" ; "b" ; "c" }  	 ]
  - location: 12 (remaining gas: 1039734540 units remaining)
    [ {}  	
      { "a" ; "b" ; "c" }  	 ]
  - location: 14 (remaining gas: 1039734480 units remaining)
    [ (Pair {} { "a" ; "b" ; "c" })  	 ]
  - location: -1 (remaining gas: 1039734460 units remaining)
    [ (Pair {} { "a" ; "b" ; "c" })  	 ]

