tests/test_contract_onchain_opcodes.py::TestContractBigMapOrigination::test_big_map_origination_literal

Node is bootstrapped.
Estimated gas: 12557000 units (will add 100000 for safety)
Estimated storage: 433 bytes added (will add 20 for safety)
Operation successfully injected in the node.
Operation hash is '[BLOCK_HASH]'
NOT waiting for the operation to be included.
Use command
  tezos-client wait for [BLOCK_HASH] to be included --confirmations 30 --branch [BLOCK_HASH]
and/or an external block explorer to make sure that it has been included.
This sequence of operations was run:
  Manager signed operations:
    From: [CONTRACT_HASH]
    Fee to the baker: ꜩ0.001584
    Expected counter: [EXPECTED_COUNTER]
    Gas limit: 12657000
    Storage limit: 453 bytes
    Balance updates:
      [CONTRACT_HASH] ................ -ꜩ0.001584
      fees(the baker who will include this operation,0) ... +ꜩ0.001584
    Origination:
      From: [CONTRACT_HASH]
      Credit: ꜩ1000
      Script:
        { parameter (big_map int int) ;
          storage (big_map int int) ;
          code { CAR ;
                 PUSH (option int) (Some 1) ;
                 PUSH int 1 ;
                 UPDATE ;
                 PUSH (option int) None ;
                 PUSH int 2 ;
                 UPDATE ;
                 FAILWITH } }
        Initial storage: { Elt 0 0 }
        No delegate for this contract
        This origination was successfully applied
        Originated contracts:
          [CONTRACT_HASH]
        Storage size: 176 bytes
        Updated big_maps:
          New map(0) of type (big_map int int)
          Set map(0)[0] to 0
        Paid storage size diff: 176 bytes
        Consumed gas: 12557000
        Balance updates:
          [CONTRACT_HASH] ... -ꜩ0.176
          [CONTRACT_HASH] ... -ꜩ0.257
          [CONTRACT_HASH] ... -ꜩ1000
          [CONTRACT_HASH] ... +ꜩ1000

New contract [CONTRACT_HASH] originated.
Contract memorized as failwith_big_map_literal.
Injected block [BLOCK_HASH]
