tests/test_contract_opcodes.py::TestContractOpcodes::test_contract_input_output[or_binary.tz-None-(Pair 8 0)-(Some 8)]

storage
  (Some 8)
emitted operations
  
big_map diff
  
trace
  - location: 9 (remaining gas: 133063552 units remaining, internal_gas: 0)
    [ (Pair (Pair 8 0) None)  	 ]
  - location: 10 (remaining gas: 133063492 units remaining, internal_gas: 0)
    [ (Pair 8 0)  	@parameter ]
  - location: 13 (remaining gas: 133063392 units remaining, internal_gas: 0)
    [ (Pair 8 0)  	@parameter
      (Pair 8 0)  	@parameter ]
  - location: 14 (remaining gas: 133063332 units remaining, internal_gas: 0)
    [ 8  	
      (Pair 8 0)  	@parameter ]
  - location: 17 (remaining gas: 133063212 units remaining, internal_gas: 0)
    [ 0  	 ]
  - location: 16 (remaining gas: 133063192 units remaining, internal_gas: 0)
    [ 0  	 ]
  - location: 15 (remaining gas: 133063192 units remaining, internal_gas: 0)
    [ 8  	
      0  	 ]
  - location: -1 (remaining gas: 133063172 units remaining, internal_gas: 0)
    [ 8  	
      0  	 ]
  - location: 11 (remaining gas: 133063152 units remaining, internal_gas: 0)
    [ 8  	
      0  	 ]
  - location: 18 (remaining gas: 133063010 units remaining, internal_gas: 0)
    [ 8  	 ]
  - location: 19 (remaining gas: 133062950 units remaining, internal_gas: 0)
    [ (Some 8)  	 ]
  - location: 20 (remaining gas: 133062890 units remaining, internal_gas: 0)
    [ {}  	
      (Some 8)  	 ]
  - location: 22 (remaining gas: 133062830 units remaining, internal_gas: 0)
    [ (Pair {} (Some 8))  	 ]
  - location: -1 (remaining gas: 133062810 units remaining, internal_gas: 0)
    [ (Pair {} (Some 8))  	 ]

