tests/test_contract_opcodes.py::TestContractOpcodes::test_contract_input_output[compare.tz-Unit-Unit-Unit]

storage
  Unit
emitted operations
  
big_map diff
  
trace
  - location: 6 (remaining gas: 132287232 units remaining)
    [ (Pair Unit Unit)  	 ]
  - location: 7 (remaining gas: 132287172 units remaining)
    [  ]
  - location: 8 (remaining gas: 132287112 units remaining)
    [ True  	 ]
  - location: 11 (remaining gas: 132287052 units remaining)
    [ True  	
      True  	 ]
  - location: 12 (remaining gas: 132286952 units remaining)
    [ 0  	 ]
  - location: 14 (remaining gas: 132286832 units remaining)
    [ True  	 ]
  - location: 16 (remaining gas: 132286752 units remaining)
    [  ]
  - location: -1 (remaining gas: 132286732 units remaining)
    [  ]
  - location: 21 (remaining gas: 132286672 units remaining)
    [ False  	 ]
  - location: 24 (remaining gas: 132286612 units remaining)
    [ False  	
      False  	 ]
  - location: 25 (remaining gas: 132286512 units remaining)
    [ 0  	 ]
  - location: 27 (remaining gas: 132286392 units remaining)
    [ True  	 ]
  - location: 29 (remaining gas: 132286312 units remaining)
    [  ]
  - location: -1 (remaining gas: 132286292 units remaining)
    [  ]
  - location: 34 (remaining gas: 132286232 units remaining)
    [ False  	 ]
  - location: 37 (remaining gas: 132286172 units remaining)
    [ True  	
      False  	 ]
  - location: 40 (remaining gas: 132286072 units remaining)
    [ 1  	 ]
  - location: 42 (remaining gas: 132285952 units remaining)
    [ True  	 ]
  - location: 44 (remaining gas: 132285872 units remaining)
    [  ]
  - location: -1 (remaining gas: 132285852 units remaining)
    [  ]
  - location: 49 (remaining gas: 132285792 units remaining)
    [ True  	 ]
  - location: 52 (remaining gas: 132285732 units remaining)
    [ False  	
      True  	 ]
  - location: 55 (remaining gas: 132285632 units remaining)
    [ -1  	 ]
  - location: 57 (remaining gas: 132285512 units remaining)
    [ True  	 ]
  - location: 59 (remaining gas: 132285432 units remaining)
    [  ]
  - location: -1 (remaining gas: 132285412 units remaining)
    [  ]
  - location: 64 (remaining gas: 132285352 units remaining)
    [ 0xaabbcc  	 ]
  - location: 67 (remaining gas: 132285292 units remaining)
    [ 0xaabbcc  	
      0xaabbcc  	 ]
  - location: 68 (remaining gas: 132285192 units remaining)
    [ 0  	 ]
  - location: 70 (remaining gas: 132285072 units remaining)
    [ True  	 ]
  - location: 72 (remaining gas: 132284992 units remaining)
    [  ]
  - location: -1 (remaining gas: 132284972 units remaining)
    [  ]
  - location: 77 (remaining gas: 132284912 units remaining)
    [ 0x  	 ]
  - location: 80 (remaining gas: 132284852 units remaining)
    [ 0x  	
      0x  	 ]
  - location: 83 (remaining gas: 132284752 units remaining)
    [ 0  	 ]
  - location: 85 (remaining gas: 132284632 units remaining)
    [ True  	 ]
  - location: 87 (remaining gas: 132284552 units remaining)
    [  ]
  - location: -1 (remaining gas: 132284532 units remaining)
    [  ]
  - location: 92 (remaining gas: 132284472 units remaining)
    [ 0x  	 ]
  - location: 95 (remaining gas: 132284412 units remaining)
    [ 0x01  	
      0x  	 ]
  - location: 98 (remaining gas: 132284312 units remaining)
    [ 1  	 ]
  - location: 100 (remaining gas: 132284192 units remaining)
    [ True  	 ]
  - location: 102 (remaining gas: 132284112 units remaining)
    [  ]
  - location: -1 (remaining gas: 132284092 units remaining)
    [  ]
  - location: 107 (remaining gas: 132284032 units remaining)
    [ 0x01  	 ]
  - location: 110 (remaining gas: 132283972 units remaining)
    [ 0x02  	
      0x01  	 ]
  - location: 113 (remaining gas: 132283872 units remaining)
    [ 1  	 ]
  - location: 115 (remaining gas: 132283752 units remaining)
    [ True  	 ]
  - location: 117 (remaining gas: 132283672 units remaining)
    [  ]
  - location: -1 (remaining gas: 132283652 units remaining)
    [  ]
  - location: 122 (remaining gas: 132283592 units remaining)
    [ 0x02  	 ]
  - location: 125 (remaining gas: 132283532 units remaining)
    [ 0x01  	
      0x02  	 ]
  - location: 128 (remaining gas: 132283432 units remaining)
    [ -1  	 ]
  - location: 130 (remaining gas: 132283312 units remaining)
    [ True  	 ]
  - location: 132 (remaining gas: 132283232 units remaining)
    [  ]
  - location: -1 (remaining gas: 132283212 units remaining)
    [  ]
  - location: 137 (remaining gas: 132283152 units remaining)
    [ 1  	 ]
  - location: 140 (remaining gas: 132283092 units remaining)
    [ 1  	
      1  	 ]
  - location: 141 (remaining gas: 132282950 units remaining)
    [ 0  	 ]
  - location: 143 (remaining gas: 132282830 units remaining)
    [ True  	 ]
  - location: 145 (remaining gas: 132282750 units remaining)
    [  ]
  - location: -1 (remaining gas: 132282730 units remaining)
    [  ]
  - location: 150 (remaining gas: 132282670 units remaining)
    [ 10  	 ]
  - location: 153 (remaining gas: 132282610 units remaining)
    [ 5  	
      10  	 ]
  - location: 156 (remaining gas: 132282468 units remaining)
    [ -1  	 ]
  - location: 158 (remaining gas: 132282348 units remaining)
    [ True  	 ]
  - location: 160 (remaining gas: 132282268 units remaining)
    [  ]
  - location: -1 (remaining gas: 132282248 units remaining)
    [  ]
  - location: 165 (remaining gas: 132282188 units remaining)
    [ -4  	 ]
  - location: 168 (remaining gas: 132282128 units remaining)
    [ 1923  	
      -4  	 ]
  - location: 171 (remaining gas: 132281986 units remaining)
    [ 1  	 ]
  - location: 173 (remaining gas: 132281866 units remaining)
    [ True  	 ]
  - location: 175 (remaining gas: 132281786 units remaining)
    [  ]
  - location: -1 (remaining gas: 132281766 units remaining)
    [  ]
  - location: 180 (remaining gas: 132281706 units remaining)
    [ 1  	 ]
  - location: 183 (remaining gas: 132281646 units remaining)
    [ 1  	
      1  	 ]
  - location: 184 (remaining gas: 132281504 units remaining)
    [ 0  	 ]
  - location: 186 (remaining gas: 132281384 units remaining)
    [ True  	 ]
  - location: 188 (remaining gas: 132281304 units remaining)
    [  ]
  - location: -1 (remaining gas: 132281284 units remaining)
    [  ]
  - location: 193 (remaining gas: 132281224 units remaining)
    [ 10  	 ]
  - location: 196 (remaining gas: 132281164 units remaining)
    [ 5  	
      10  	 ]
  - location: 199 (remaining gas: 132281022 units remaining)
    [ -1  	 ]
  - location: 201 (remaining gas: 132280902 units remaining)
    [ True  	 ]
  - location: 203 (remaining gas: 132280822 units remaining)
    [  ]
  - location: -1 (remaining gas: 132280802 units remaining)
    [  ]
  - location: 208 (remaining gas: 132280742 units remaining)
    [ 4  	 ]
  - location: 211 (remaining gas: 132280682 units remaining)
    [ 1923  	
      4  	 ]
  - location: 214 (remaining gas: 132280540 units remaining)
    [ 1  	 ]
  - location: 216 (remaining gas: 132280420 units remaining)
    [ True  	 ]
  - location: 218 (remaining gas: 132280340 units remaining)
    [  ]
  - location: -1 (remaining gas: 132280320 units remaining)
    [  ]
  - location: 223 (remaining gas: 132280260 units remaining)
    [ "tz1KqTpEZ7Yob7QbPE4Hy4Wo8fHG8LhKxZSx"  	 ]
  - location: 226 (remaining gas: 132280200 units remaining)
    [ "tz1KqTpEZ7Yob7QbPE4Hy4Wo8fHG8LhKxZSx"  	
      "tz1KqTpEZ7Yob7QbPE4Hy4Wo8fHG8LhKxZSx"  	 ]
  - location: 227 (remaining gas: 132279976 units remaining)
    [ 0  	 ]
  - location: 229 (remaining gas: 132279856 units remaining)
    [ True  	 ]
  - location: 231 (remaining gas: 132279776 units remaining)
    [  ]
  - location: -1 (remaining gas: 132279756 units remaining)
    [  ]
  - location: 236 (remaining gas: 132279696 units remaining)
    [ "tz1ddb9NMYHZi5UzPdzTZMYQQZoMub195zgv"  	 ]
  - location: 239 (remaining gas: 132279636 units remaining)
    [ "tz1KqTpEZ7Yob7QbPE4Hy4Wo8fHG8LhKxZSx"  	
      "tz1ddb9NMYHZi5UzPdzTZMYQQZoMub195zgv"  	 ]
  - location: 242 (remaining gas: 132279412 units remaining)
    [ -1  	 ]
  - location: 244 (remaining gas: 132279292 units remaining)
    [ True  	 ]
  - location: 246 (remaining gas: 132279212 units remaining)
    [  ]
  - location: -1 (remaining gas: 132279192 units remaining)
    [  ]
  - location: 251 (remaining gas: 132279132 units remaining)
    [ "tz1KqTpEZ7Yob7QbPE4Hy4Wo8fHG8LhKxZSx"  	 ]
  - location: 254 (remaining gas: 132279072 units remaining)
    [ "tz1ddb9NMYHZi5UzPdzTZMYQQZoMub195zgv"  	
      "tz1KqTpEZ7Yob7QbPE4Hy4Wo8fHG8LhKxZSx"  	 ]
  - location: 257 (remaining gas: 132278848 units remaining)
    [ 1  	 ]
  - location: 259 (remaining gas: 132278728 units remaining)
    [ True  	 ]
  - location: 261 (remaining gas: 132278648 units remaining)
    [  ]
  - location: -1 (remaining gas: 132278628 units remaining)
    [  ]
  - location: 266 (remaining gas: 132278568 units remaining)
    [ 1  	 ]
  - location: 269 (remaining gas: 132278508 units remaining)
    [ 1  	
      1  	 ]
  - location: 270 (remaining gas: 132278408 units remaining)
    [ 0  	 ]
  - location: 272 (remaining gas: 132278288 units remaining)
    [ True  	 ]
  - location: 274 (remaining gas: 132278208 units remaining)
    [  ]
  - location: -1 (remaining gas: 132278188 units remaining)
    [  ]
  - location: 279 (remaining gas: 132278128 units remaining)
    [ 10  	 ]
  - location: 282 (remaining gas: 132278068 units remaining)
    [ 5  	
      10  	 ]
  - location: 285 (remaining gas: 132277968 units remaining)
    [ -1  	 ]
  - location: 287 (remaining gas: 132277848 units remaining)
    [ True  	 ]
  - location: 289 (remaining gas: 132277768 units remaining)
    [  ]
  - location: -1 (remaining gas: 132277748 units remaining)
    [  ]
  - location: 294 (remaining gas: 132277688 units remaining)
    [ 4  	 ]
  - location: 297 (remaining gas: 132277628 units remaining)
    [ 1923  	
      4  	 ]
  - location: 300 (remaining gas: 132277528 units remaining)
    [ 1  	 ]
  - location: 302 (remaining gas: 132277408 units remaining)
    [ True  	 ]
  - location: 304 (remaining gas: 132277328 units remaining)
    [  ]
  - location: -1 (remaining gas: 132277308 units remaining)
    [  ]
  - location: 309 (remaining gas: 132277248 units remaining)
    [ "AABBCC"  	 ]
  - location: 312 (remaining gas: 132277188 units remaining)
    [ "AABBCC"  	
      "AABBCC"  	 ]
  - location: 313 (remaining gas: 132277088 units remaining)
    [ 0  	 ]
  - location: 315 (remaining gas: 132276968 units remaining)
    [ True  	 ]
  - location: 317 (remaining gas: 132276888 units remaining)
    [  ]
  - location: -1 (remaining gas: 132276868 units remaining)
    [  ]
  - location: 322 (remaining gas: 132276808 units remaining)
    [ ""  	 ]
  - location: 325 (remaining gas: 132276748 units remaining)
    [ ""  	
      ""  	 ]
  - location: 328 (remaining gas: 132276648 units remaining)
    [ 0  	 ]
  - location: 330 (remaining gas: 132276528 units remaining)
    [ True  	 ]
  - location: 332 (remaining gas: 132276448 units remaining)
    [  ]
  - location: -1 (remaining gas: 132276428 units remaining)
    [  ]
  - location: 337 (remaining gas: 132276368 units remaining)
    [ ""  	 ]
  - location: 340 (remaining gas: 132276308 units remaining)
    [ "a"  	
      ""  	 ]
  - location: 343 (remaining gas: 132276208 units remaining)
    [ 1  	 ]
  - location: 345 (remaining gas: 132276088 units remaining)
    [ True  	 ]
  - location: 347 (remaining gas: 132276008 units remaining)
    [  ]
  - location: -1 (remaining gas: 132275988 units remaining)
    [  ]
  - location: 352 (remaining gas: 132275928 units remaining)
    [ "a"  	 ]
  - location: 355 (remaining gas: 132275868 units remaining)
    [ "b"  	
      "a"  	 ]
  - location: 358 (remaining gas: 132275768 units remaining)
    [ 1  	 ]
  - location: 360 (remaining gas: 132275648 units remaining)
    [ True  	 ]
  - location: 362 (remaining gas: 132275568 units remaining)
    [  ]
  - location: -1 (remaining gas: 132275548 units remaining)
    [  ]
  - location: 367 (remaining gas: 132275488 units remaining)
    [ "b"  	 ]
  - location: 370 (remaining gas: 132275428 units remaining)
    [ "a"  	
      "b"  	 ]
  - location: 373 (remaining gas: 132275328 units remaining)
    [ -1  	 ]
  - location: 375 (remaining gas: 132275208 units remaining)
    [ True  	 ]
  - location: 377 (remaining gas: 132275128 units remaining)
    [  ]
  - location: -1 (remaining gas: 132275108 units remaining)
    [  ]
  - location: 382 (remaining gas: 132275048 units remaining)
    [ "2019-09-16T08:38:05Z"  	 ]
  - location: 385 (remaining gas: 132274988 units remaining)
    [ "2019-09-16T08:38:05Z"  	
      "2019-09-16T08:38:05Z"  	 ]
  - location: 386 (remaining gas: 132274846 units remaining)
    [ 0  	 ]
  - location: 388 (remaining gas: 132274726 units remaining)
    [ True  	 ]
  - location: 390 (remaining gas: 132274646 units remaining)
    [  ]
  - location: -1 (remaining gas: 132274626 units remaining)
    [  ]
  - location: 395 (remaining gas: 132274566 units remaining)
    [ "2017-09-16T08:38:04Z"  	 ]
  - location: 398 (remaining gas: 132274506 units remaining)
    [ "2019-09-16T08:38:05Z"  	
      "2017-09-16T08:38:04Z"  	 ]
  - location: 401 (remaining gas: 132274364 units remaining)
    [ 1  	 ]
  - location: 403 (remaining gas: 132274244 units remaining)
    [ True  	 ]
  - location: 405 (remaining gas: 132274164 units remaining)
    [  ]
  - location: -1 (remaining gas: 132274144 units remaining)
    [  ]
  - location: 410 (remaining gas: 132274084 units remaining)
    [ "2019-09-16T08:38:05Z"  	 ]
  - location: 413 (remaining gas: 132274024 units remaining)
    [ "2019-09-16T08:38:04Z"  	
      "2019-09-16T08:38:05Z"  	 ]
  - location: 416 (remaining gas: 132273882 units remaining)
    [ -1  	 ]
  - location: 418 (remaining gas: 132273762 units remaining)
    [ True  	 ]
  - location: 420 (remaining gas: 132273682 units remaining)
    [  ]
  - location: -1 (remaining gas: 132273662 units remaining)
    [  ]
  - location: 425 (remaining gas: 132273602 units remaining)
    [ Unit  	 ]
  - location: 426 (remaining gas: 132273542 units remaining)
    [ {}  	
      Unit  	 ]
  - location: 428 (remaining gas: 132273482 units remaining)
    [ (Pair {} Unit)  	 ]
  - location: -1 (remaining gas: 132273462 units remaining)
    [ (Pair {} Unit)  	 ]

