tests/test_contract_opcodes.py::TestContractOpcodes::test_contract_input_output[set_member.tz-(Pair { "Hello" ; "World" } None)-""-(Pair { "Hello" ; "World" } (Some False))]

storage
  (Pair { "Hello" ; "World" } (Some False))
emitted operations
  
big_map diff
  
trace
  - location: 10 (remaining gas: 133021952 units remaining)
    [ (Pair "" (Pair { "Hello" ; "World" } None))  	 ]
  - location: 11 (remaining gas: 133021892 units remaining)
    [ (Pair "" (Pair { "Hello" ; "World" } None))  	
      (Pair "" (Pair { "Hello" ; "World" } None))  	 ]
  - location: 12 (remaining gas: 133021832 units remaining)
    [ (Pair "" (Pair { "Hello" ; "World" } None))  	
      (Pair "" (Pair { "Hello" ; "World" } None))  	
      (Pair "" (Pair { "Hello" ; "World" } None))  	 ]
  - location: 13 (remaining gas: 133021772 units remaining)
    [ ""  	@parameter
      (Pair "" (Pair { "Hello" ; "World" } None))  	
      (Pair "" (Pair { "Hello" ; "World" } None))  	 ]
  - location: 17 (remaining gas: 133021632 units remaining)
    [ (Pair { "Hello" ; "World" } None)  	@storage
      (Pair "" (Pair { "Hello" ; "World" } None))  	 ]
  - location: 18 (remaining gas: 133021572 units remaining)
    [ { "Hello" ; "World" }  	
      (Pair "" (Pair { "Hello" ; "World" } None))  	 ]
  - location: -1 (remaining gas: 133021552 units remaining)
    [ { "Hello" ; "World" }  	
      (Pair "" (Pair { "Hello" ; "World" } None))  	 ]
  - location: 15 (remaining gas: 133021532 units remaining)
    [ { "Hello" ; "World" }  	
      (Pair "" (Pair { "Hello" ; "World" } None))  	 ]
  - location: 14 (remaining gas: 133021532 units remaining)
    [ ""  	@parameter
      { "Hello" ; "World" }  	
      (Pair "" (Pair { "Hello" ; "World" } None))  	 ]
  - location: 19 (remaining gas: 133021486 units remaining)
    [ False  	
      (Pair "" (Pair { "Hello" ; "World" } None))  	 ]
  - location: 20 (remaining gas: 133021426 units remaining)
    [ (Some False)  	
      (Pair "" (Pair { "Hello" ; "World" } None))  	 ]
  - location: 24 (remaining gas: 133021286 units remaining)
    [ (Pair { "Hello" ; "World" } None)  	@storage ]
  - location: 25 (remaining gas: 133021226 units remaining)
    [ { "Hello" ; "World" }  	 ]
  - location: -1 (remaining gas: 133021206 units remaining)
    [ { "Hello" ; "World" }  	 ]
  - location: 22 (remaining gas: 133021186 units remaining)
    [ { "Hello" ; "World" }  	 ]
  - location: 21 (remaining gas: 133021186 units remaining)
    [ (Some False)  	
      { "Hello" ; "World" }  	 ]
  - location: 26 (remaining gas: 133021126 units remaining)
    [ { "Hello" ; "World" }  	
      (Some False)  	 ]
  - location: 27 (remaining gas: 133021066 units remaining)
    [ (Pair { "Hello" ; "World" } (Some False))  	 ]
  - location: 28 (remaining gas: 133021006 units remaining)
    [ {}  	
      (Pair { "Hello" ; "World" } (Some False))  	 ]
  - location: 30 (remaining gas: 133020946 units remaining)
    [ (Pair {} (Pair { "Hello" ; "World" } (Some False)))  	 ]
  - location: -1 (remaining gas: 133020926 units remaining)
    [ (Pair {} (Pair { "Hello" ; "World" } (Some False)))  	 ]

