tests/test_contract_opcodes.py::TestContractOpcodes::test_contract_input_output[int.tz-None-1-(Some 1)]

storage
  (Some 1)
emitted operations
  
big_map diff
  
trace
  - location: 7 (remaining gas: 133089664 units remaining, internal_gas: 0)
    [ (Pair 1 None)  	 ]
  - location: 8 (remaining gas: 133089604 units remaining, internal_gas: 0)
    [ 1  	@parameter ]
  - location: 9 (remaining gas: 133089564 units remaining, internal_gas: 0)
    [ 1  	 ]
  - location: 10 (remaining gas: 133089504 units remaining, internal_gas: 0)
    [ (Some 1)  	 ]
  - location: 11 (remaining gas: 133089444 units remaining, internal_gas: 0)
    [ {}  	
      (Some 1)  	 ]
  - location: 13 (remaining gas: 133089384 units remaining, internal_gas: 0)
    [ (Pair {} (Some 1))  	 ]
  - location: -1 (remaining gas: 133089364 units remaining, internal_gas: 0)
    [ (Pair {} (Some 1))  	 ]

