tests/test_contract_opcodes.py::TestContractOpcodes::test_contract_input_output[neg.tz-0-(Left 0)-0]

storage
  0
emitted operations
  
big_map diff
  
trace
  - location: 8 (remaining gas: 1039735000 units remaining)
    [ (Pair (Left 0) 0)  	 ]
  - location: 9 (remaining gas: 1039734940 units remaining)
    [ (Left 0)  	@parameter ]
  - location: 12 (remaining gas: 1039734718 units remaining)
    [ 0  	 ]
  - location: 11 (remaining gas: 1039734698 units remaining)
    [ 0  	 ]
  - location: 15 (remaining gas: 1039734638 units remaining)
    [ {}  	
      0  	 ]
  - location: 17 (remaining gas: 1039734578 units remaining)
    [ (Pair {} 0)  	 ]
  - location: -1 (remaining gas: 1039734558 units remaining)
    [ (Pair {} 0)  	 ]

