tests/test_contract_opcodes.py::TestContractOpcodes::test_contract_input_output[voting_power.tz-0-"edpkuBknW28nW72KG6RoHtYW7p12T6GKc7nAbwYX5m8Wd9sDVC9yav"-500]

storage
  500
emitted operations
  
big_map diff
  
trace
  - location: 6 (remaining gas: 1039774000 units remaining)
    [ (Pair "edpkuBknW28nW72KG6RoHtYW7p12T6GKc7nAbwYX5m8Wd9sDVC9yav" 0)  	 ]
  - location: 7 (remaining gas: 1039773940 units remaining)
    [ "edpkuBknW28nW72KG6RoHtYW7p12T6GKc7nAbwYX5m8Wd9sDVC9yav"  	@parameter ]
  - location: 8 (remaining gas: 1039773840 units remaining)
    [ "tz1KqTpEZ7Yob7QbPE4Hy4Wo8fHG8LhKxZSx"  	 ]
  - location: 9 (remaining gas: 1039772800 units remaining)
    [ 500  	 ]
  - location: 10 (remaining gas: 1039772740 units remaining)
    [ {}  	
      500  	 ]
  - location: 12 (remaining gas: 1039772680 units remaining)
    [ (Pair {} 500)  	 ]
  - location: -1 (remaining gas: 1039772660 units remaining)
    [ (Pair {} 500)  	 ]

