tests/test_contract_opcodes.py::TestContractOpcodes::test_contract_input_output[big_map_mem_string.tz-(Pair { Elt "bar" 4 ; Elt "foo" 11 } None)-"foo"-(Pair 0 (Some True))]

storage
  (Pair 0 (Some True))
emitted operations
  
big_map diff
  New map(0) of type (big_map string nat)
  Set map(0)["bar"] to 4
  Set map(0)["foo"] to 11
trace
  - location: 11 (remaining gas: 133027712 units remaining)
    [ (Pair "foo" (Pair { Elt "bar" 4 ; Elt "foo" 11 } None))  	 ]
  - location: 14 (remaining gas: 133027612 units remaining)
    [ (Pair "foo" (Pair { Elt "bar" 4 ; Elt "foo" 11 } None))  	
      (Pair "foo" (Pair { Elt "bar" 4 ; Elt "foo" 11 } None))  	 ]
  - location: 15 (remaining gas: 133027552 units remaining)
    [ "foo"  	@parameter
      (Pair "foo" (Pair { Elt "bar" 4 ; Elt "foo" 11 } None))  	 ]
  - location: 18 (remaining gas: 133027432 units remaining)
    [ (Pair { Elt "bar" 4 ; Elt "foo" 11 } None)  	@storage ]
  - location: 17 (remaining gas: 133027412 units remaining)
    [ (Pair { Elt "bar" 4 ; Elt "foo" 11 } None)  	@storage ]
  - location: 16 (remaining gas: 133027412 units remaining)
    [ "foo"  	@parameter
      (Pair { Elt "bar" 4 ; Elt "foo" 11 } None)  	@storage ]
  - location: -1 (remaining gas: 133027392 units remaining)
    [ "foo"  	@parameter
      (Pair { Elt "bar" 4 ; Elt "foo" 11 } None)  	@storage ]
  - location: 12 (remaining gas: 133027372 units remaining)
    [ "foo"  	@parameter
      (Pair { Elt "bar" 4 ; Elt "foo" 11 } None)  	@storage ]
  - location: 21 (remaining gas: 133027252 units remaining)
    [ { Elt "bar" 4 ; Elt "foo" 11 }  	 ]
  - location: 22 (remaining gas: 133027192 units remaining)
    [ { Elt "bar" 4 ; Elt "foo" 11 }  	
      { Elt "bar" 4 ; Elt "foo" 11 }  	 ]
  - location: -1 (remaining gas: 133027172 units remaining)
    [ { Elt "bar" 4 ; Elt "foo" 11 }  	
      { Elt "bar" 4 ; Elt "foo" 11 }  	 ]
  - location: 19 (remaining gas: 133027172 units remaining)
    [ "foo"  	@parameter
      { Elt "bar" 4 ; Elt "foo" 11 }  	
      { Elt "bar" 4 ; Elt "foo" 11 }  	 ]
  - location: 23 (remaining gas: 133027126 units remaining)
    [ True  	
      { Elt "bar" 4 ; Elt "foo" 11 }  	 ]
  - location: 24 (remaining gas: 133027066 units remaining)
    [ (Some True)  	
      { Elt "bar" 4 ; Elt "foo" 11 }  	 ]
  - location: 25 (remaining gas: 133027006 units remaining)
    [ { Elt "bar" 4 ; Elt "foo" 11 }  	
      (Some True)  	 ]
  - location: 26 (remaining gas: 133026946 units remaining)
    [ (Pair { Elt "bar" 4 ; Elt "foo" 11 } (Some True))  	 ]
  - location: 27 (remaining gas: 133026886 units remaining)
    [ {}  	
      (Pair { Elt "bar" 4 ; Elt "foo" 11 } (Some True))  	 ]
  - location: 29 (remaining gas: 133026826 units remaining)
    [ (Pair {} (Pair { Elt "bar" 4 ; Elt "foo" 11 } (Some True)))  	 ]
  - location: -1 (remaining gas: 133026806 units remaining)
    [ (Pair {} (Pair { Elt "bar" 4 ; Elt "foo" 11 } (Some True)))  	 ]

