tests/test_contract_opcodes.py::TestContractOpcodes::test_contract_input_output[add_timestamp_delta.tz-None-(Pair "1970-01-01T00:00:00Z" 0)-(Some "1970-01-01T00:00:00Z")]

storage
  (Some "1970-01-01T00:00:00Z")
emitted operations
  
big_map diff
  
trace
  - location: 9 (remaining gas: 1039596000 units remaining)
    [ (Pair (Pair "1970-01-01T00:00:00Z" 0) None)  	 ]
  - location: 10 (remaining gas: 1039595940 units remaining)
    [ (Pair "1970-01-01T00:00:00Z" 0)  	@parameter ]
  - location: 11 (remaining gas: 1039595880 units remaining)
    [ (Pair "1970-01-01T00:00:00Z" 0)  	@parameter
      (Pair "1970-01-01T00:00:00Z" 0)  	@parameter ]
  - location: 12 (remaining gas: 1039595820 units remaining)
    [ "1970-01-01T00:00:00Z"  	
      (Pair "1970-01-01T00:00:00Z" 0)  	@parameter ]
  - location: 15 (remaining gas: 1039595700 units remaining)
    [ 0  	 ]
  - location: 14 (remaining gas: 1039595680 units remaining)
    [ 0  	 ]
  - location: 13 (remaining gas: 1039595680 units remaining)
    [ "1970-01-01T00:00:00Z"  	
      0  	 ]
  - location: 16 (remaining gas: 1039595538 units remaining)
    [ "1970-01-01T00:00:00Z"  	 ]
  - location: 17 (remaining gas: 1039595478 units remaining)
    [ (Some "1970-01-01T00:00:00Z")  	 ]
  - location: 18 (remaining gas: 1039595418 units remaining)
    [ {}  	
      (Some "1970-01-01T00:00:00Z")  	 ]
  - location: 20 (remaining gas: 1039595358 units remaining)
    [ (Pair {} (Some "1970-01-01T00:00:00Z"))  	 ]
  - location: -1 (remaining gas: 1039595338 units remaining)
    [ (Pair {} (Some "1970-01-01T00:00:00Z"))  	 ]

