tests/test_contract_opcodes.py::TestContractOpcodes::test_contract_input_output[add.tz-Unit-Unit-Unit]

storage
  Unit
emitted operations
  
big_map diff
  
trace
  - location: 6 (remaining gas: 132770304 units remaining, internal_gas: 0)
    [ (Pair Unit Unit)  	 ]
  - location: 7 (remaining gas: 132770244 units remaining, internal_gas: 0)
    [ Unit  	@parameter ]
  - location: 8 (remaining gas: 132770184 units remaining, internal_gas: 0)
    [ 2  	
      Unit  	@parameter ]
  - location: 11 (remaining gas: 132770124 units remaining, internal_gas: 0)
    [ 2  	
      2  	
      Unit  	@parameter ]
  - location: 14 (remaining gas: 132769982 units remaining, internal_gas: 0)
    [ 4  	
      Unit  	@parameter ]
  - location: 15 (remaining gas: 132769922 units remaining, internal_gas: 0)
    [ 4  	
      4  	
      Unit  	@parameter ]
  - location: 20 (remaining gas: 132769740 units remaining, internal_gas: 0)
    [ 0  	
      Unit  	@parameter ]
  - location: 21 (remaining gas: 132769640 units remaining, internal_gas: 0)
    [ True  	
      Unit  	@parameter ]
  - location: -1 (remaining gas: 132769620 units remaining, internal_gas: 0)
    [ True  	
      Unit  	@parameter ]
  - location: 23 (remaining gas: 132769540 units remaining, internal_gas: 0)
    [ Unit  	@parameter ]
  - location: -1 (remaining gas: 132769520 units remaining, internal_gas: 0)
    [ Unit  	@parameter ]
  - location: 28 (remaining gas: 132769460 units remaining, internal_gas: 0)
    [ 2  	
      Unit  	@parameter ]
  - location: 31 (remaining gas: 132769400 units remaining, internal_gas: 0)
    [ 2  	
      2  	
      Unit  	@parameter ]
  - location: 34 (remaining gas: 132769258 units remaining, internal_gas: 0)
    [ 4  	
      Unit  	@parameter ]
  - location: 35 (remaining gas: 132769198 units remaining, internal_gas: 0)
    [ 4  	
      4  	
      Unit  	@parameter ]
  - location: 40 (remaining gas: 132769016 units remaining, internal_gas: 0)
    [ 0  	
      Unit  	@parameter ]
  - location: 41 (remaining gas: 132768916 units remaining, internal_gas: 0)
    [ True  	
      Unit  	@parameter ]
  - location: -1 (remaining gas: 132768896 units remaining, internal_gas: 0)
    [ True  	
      Unit  	@parameter ]
  - location: 43 (remaining gas: 132768816 units remaining, internal_gas: 0)
    [ Unit  	@parameter ]
  - location: -1 (remaining gas: 132768796 units remaining, internal_gas: 0)
    [ Unit  	@parameter ]
  - location: 48 (remaining gas: 132768736 units remaining, internal_gas: 0)
    [ 2  	
      Unit  	@parameter ]
  - location: 51 (remaining gas: 132768676 units remaining, internal_gas: 0)
    [ 2  	
      2  	
      Unit  	@parameter ]
  - location: 54 (remaining gas: 132768534 units remaining, internal_gas: 0)
    [ 4  	
      Unit  	@parameter ]
  - location: 55 (remaining gas: 132768474 units remaining, internal_gas: 0)
    [ 4  	
      4  	
      Unit  	@parameter ]
  - location: 60 (remaining gas: 132768292 units remaining, internal_gas: 0)
    [ 0  	
      Unit  	@parameter ]
  - location: 61 (remaining gas: 132768192 units remaining, internal_gas: 0)
    [ True  	
      Unit  	@parameter ]
  - location: -1 (remaining gas: 132768172 units remaining, internal_gas: 0)
    [ True  	
      Unit  	@parameter ]
  - location: 63 (remaining gas: 132768092 units remaining, internal_gas: 0)
    [ Unit  	@parameter ]
  - location: -1 (remaining gas: 132768072 units remaining, internal_gas: 0)
    [ Unit  	@parameter ]
  - location: 68 (remaining gas: 132768012 units remaining, internal_gas: 0)
    [ 2  	
      Unit  	@parameter ]
  - location: 71 (remaining gas: 132767952 units remaining, internal_gas: 0)
    [ 2  	
      2  	
      Unit  	@parameter ]
  - location: 74 (remaining gas: 132767810 units remaining, internal_gas: 0)
    [ 4  	
      Unit  	@parameter ]
  - location: 75 (remaining gas: 132767750 units remaining, internal_gas: 0)
    [ 4  	
      4  	
      Unit  	@parameter ]
  - location: 80 (remaining gas: 132767568 units remaining, internal_gas: 0)
    [ 0  	
      Unit  	@parameter ]
  - location: 81 (remaining gas: 132767468 units remaining, internal_gas: 0)
    [ True  	
      Unit  	@parameter ]
  - location: -1 (remaining gas: 132767448 units remaining, internal_gas: 0)
    [ True  	
      Unit  	@parameter ]
  - location: 83 (remaining gas: 132767368 units remaining, internal_gas: 0)
    [ Unit  	@parameter ]
  - location: -1 (remaining gas: 132767348 units remaining, internal_gas: 0)
    [ Unit  	@parameter ]
  - location: 88 (remaining gas: 132767288 units remaining, internal_gas: 0)
    [ 2  	
      Unit  	@parameter ]
  - location: 91 (remaining gas: 132767228 units remaining, internal_gas: 0)
    [ 2  	
      2  	
      Unit  	@parameter ]
  - location: 94 (remaining gas: 132767086 units remaining, internal_gas: 0)
    [ 4  	
      Unit  	@parameter ]
  - location: 95 (remaining gas: 132767026 units remaining, internal_gas: 0)
    [ 4  	
      4  	
      Unit  	@parameter ]
  - location: 100 (remaining gas: 132766844 units remaining, internal_gas: 0)
    [ 0  	
      Unit  	@parameter ]
  - location: 101 (remaining gas: 132766744 units remaining, internal_gas: 0)
    [ True  	
      Unit  	@parameter ]
  - location: -1 (remaining gas: 132766724 units remaining, internal_gas: 0)
    [ True  	
      Unit  	@parameter ]
  - location: 103 (remaining gas: 132766644 units remaining, internal_gas: 0)
    [ Unit  	@parameter ]
  - location: -1 (remaining gas: 132766624 units remaining, internal_gas: 0)
    [ Unit  	@parameter ]
  - location: 108 (remaining gas: 132766564 units remaining, internal_gas: 0)
    [ 60  	
      Unit  	@parameter ]
  - location: 111 (remaining gas: 132766504 units remaining, internal_gas: 0)
    [ "2019-09-09T12:08:37Z"  	
      60  	
      Unit  	@parameter ]
  - location: 114 (remaining gas: 132766362 units remaining, internal_gas: 0)
    [ "2019-09-09T12:09:37Z"  	
      Unit  	@parameter ]
  - location: 115 (remaining gas: 132766302 units remaining, internal_gas: 0)
    [ "2019-09-09T12:09:37Z"  	
      "2019-09-09T12:09:37Z"  	
      Unit  	@parameter ]
  - location: 120 (remaining gas: 132766120 units remaining, internal_gas: 0)
    [ 0  	
      Unit  	@parameter ]
  - location: 121 (remaining gas: 132766020 units remaining, internal_gas: 0)
    [ True  	
      Unit  	@parameter ]
  - location: -1 (remaining gas: 132766000 units remaining, internal_gas: 0)
    [ True  	
      Unit  	@parameter ]
  - location: 123 (remaining gas: 132765920 units remaining, internal_gas: 0)
    [ Unit  	@parameter ]
  - location: -1 (remaining gas: 132765900 units remaining, internal_gas: 0)
    [ Unit  	@parameter ]
  - location: 128 (remaining gas: 132765840 units remaining, internal_gas: 0)
    [ "2019-09-09T12:08:37Z"  	
      Unit  	@parameter ]
  - location: 131 (remaining gas: 132765780 units remaining, internal_gas: 0)
    [ 60  	
      "2019-09-09T12:08:37Z"  	
      Unit  	@parameter ]
  - location: 134 (remaining gas: 132765638 units remaining, internal_gas: 0)
    [ "2019-09-09T12:09:37Z"  	
      Unit  	@parameter ]
  - location: 135 (remaining gas: 132765578 units remaining, internal_gas: 0)
    [ "2019-09-09T12:09:37Z"  	
      "2019-09-09T12:09:37Z"  	
      Unit  	@parameter ]
  - location: 140 (remaining gas: 132765396 units remaining, internal_gas: 0)
    [ 0  	
      Unit  	@parameter ]
  - location: 141 (remaining gas: 132765296 units remaining, internal_gas: 0)
    [ True  	
      Unit  	@parameter ]
  - location: -1 (remaining gas: 132765276 units remaining, internal_gas: 0)
    [ True  	
      Unit  	@parameter ]
  - location: 143 (remaining gas: 132765196 units remaining, internal_gas: 0)
    [ Unit  	@parameter ]
  - location: -1 (remaining gas: 132765176 units remaining, internal_gas: 0)
    [ Unit  	@parameter ]
  - location: 148 (remaining gas: 132765116 units remaining, internal_gas: 0)
    [ 1000  	
      Unit  	@parameter ]
  - location: 151 (remaining gas: 132765056 units remaining, internal_gas: 0)
    [ 1000  	
      1000  	
      Unit  	@parameter ]
  - location: 154 (remaining gas: 132764894 units remaining, internal_gas: 0)
    [ 2000  	
      Unit  	@parameter ]
  - location: 155 (remaining gas: 132764834 units remaining, internal_gas: 0)
    [ 2000  	
      2000  	
      Unit  	@parameter ]
  - location: 160 (remaining gas: 132764694 units remaining, internal_gas: 0)
    [ 0  	
      Unit  	@parameter ]
  - location: 161 (remaining gas: 132764594 units remaining, internal_gas: 0)
    [ True  	
      Unit  	@parameter ]
  - location: -1 (remaining gas: 132764574 units remaining, internal_gas: 0)
    [ True  	
      Unit  	@parameter ]
  - location: 163 (remaining gas: 132764494 units remaining, internal_gas: 0)
    [ Unit  	@parameter ]
  - location: -1 (remaining gas: 132764474 units remaining, internal_gas: 0)
    [ Unit  	@parameter ]
  - location: 168 (remaining gas: 132764414 units remaining, internal_gas: 0)
    [ {}  	
      Unit  	@parameter ]
  - location: 170 (remaining gas: 132764354 units remaining, internal_gas: 0)
    [ (Pair {} Unit)  	 ]
  - location: -1 (remaining gas: 132764334 units remaining, internal_gas: 0)
    [ (Pair {} Unit)  	 ]

