tests/test_contract_opcodes.py::TestContractOpcodes::test_contract_input_output[abs.tz-Unit-0-Unit]

storage
  Unit
emitted operations
  
big_map diff
  
trace
  - location: 6 (remaining gas: 1039585000 units remaining)
    [ (Pair 0 Unit)  	 ]
  - location: 7 (remaining gas: 1039584940 units remaining)
    [ 0  	@parameter ]
  - location: 8 (remaining gas: 1039584880 units remaining)
    [ 0  	@parameter
      0  	@parameter ]
  - location: 9 (remaining gas: 1039584718 units remaining)
    [ 0  	
      0  	@parameter ]
  - location: 10 (remaining gas: 1039584556 units remaining)
    [ 0  	
      0  	@parameter ]
  - location: 11 (remaining gas: 1039584414 units remaining)
    [ 0  	 ]
  - location: 13 (remaining gas: 1039584294 units remaining)
    [ True  	 ]
  - location: 15 (remaining gas: 1039584214 units remaining)
    [  ]
  - location: -1 (remaining gas: 1039584194 units remaining)
    [  ]
  - location: 20 (remaining gas: 1039584134 units remaining)
    [ Unit  	 ]
  - location: 21 (remaining gas: 1039584074 units remaining)
    [ {}  	
      Unit  	 ]
  - location: 23 (remaining gas: 1039584014 units remaining)
    [ (Pair {} Unit)  	 ]
  - location: -1 (remaining gas: 1039583994 units remaining)
    [ (Pair {} Unit)  	 ]

