tests/test_contract_opcodes.py::TestContractOpcodes::test_contract_input_output[dign.tz-0-(Pair (Pair (Pair (Pair 1 2) 3) 4) 5)-5]

storage
  5
emitted operations
  
big_map diff
  
trace
  - location: 14 (remaining gas: 133043584 units remaining)
    [ (Pair (Pair (Pair (Pair (Pair 1 2) 3) 4) 5) 0)  	 ]
  - location: 15 (remaining gas: 133043524 units remaining)
    [ (Pair (Pair (Pair (Pair 1 2) 3) 4) 5)  	@parameter ]
  - location: 16 (remaining gas: 133043444 units remaining)
    [ (Pair (Pair (Pair 1 2) 3) 4)  	
      5  	 ]
  - location: 17 (remaining gas: 133043364 units remaining)
    [ (Pair (Pair 1 2) 3)  	
      4  	
      5  	 ]
  - location: 18 (remaining gas: 133043284 units remaining)
    [ (Pair 1 2)  	
      3  	
      4  	
      5  	 ]
  - location: 19 (remaining gas: 133043204 units remaining)
    [ 1  	
      2  	
      3  	
      4  	
      5  	 ]
  - location: 20 (remaining gas: 133043118 units remaining)
    [ 5  	
      1  	
      2  	
      3  	
      4  	 ]
  - location: 24 (remaining gas: 133042998 units remaining)
    [ 2  	
      3  	
      4  	 ]
  - location: 25 (remaining gas: 133042938 units remaining)
    [ 3  	
      4  	 ]
  - location: 26 (remaining gas: 133042878 units remaining)
    [ 4  	 ]
  - location: 27 (remaining gas: 133042818 units remaining)
    [  ]
  - location: -1 (remaining gas: 133042798 units remaining)
    [  ]
  - location: 22 (remaining gas: 133042798 units remaining)
    [ 5  	 ]
  - location: 28 (remaining gas: 133042738 units remaining)
    [ {}  	
      5  	 ]
  - location: 30 (remaining gas: 133042678 units remaining)
    [ (Pair {} 5)  	 ]
  - location: -1 (remaining gas: 133042658 units remaining)
    [ (Pair {} 5)  	 ]

