tests/test_contract_opcodes.py::TestContractOpcodes::test_contract_input_output[neg.tz-0-(Right 2)--2]

storage
  -2
emitted operations
  
big_map diff
  
trace
  - location: 8 (remaining gas: 133085824 units remaining)
    [ (Pair (Right 2) 0)  	 ]
  - location: 9 (remaining gas: 133085764 units remaining)
    [ (Right 2)  	@parameter ]
  - location: 14 (remaining gas: 133085542 units remaining)
    [ -2  	 ]
  - location: 13 (remaining gas: 133085522 units remaining)
    [ -2  	 ]
  - location: 15 (remaining gas: 133085462 units remaining)
    [ {}  	
      -2  	 ]
  - location: 17 (remaining gas: 133085402 units remaining)
    [ (Pair {} -2)  	 ]
  - location: -1 (remaining gas: 133085382 units remaining)
    [ (Pair {} -2)  	 ]

