tests/test_contract_opcodes.py::TestContractOpcodes::test_contract_input_output[list_map_block.tz-{0}-{}-{}]

storage
  {}
emitted operations
  
big_map diff
  
trace
  - location: 8 (remaining gas: 133046144 units remaining, internal_gas: 0)
    [ (Pair {} { 0 })  	 ]
  - location: 9 (remaining gas: 133046084 units remaining, internal_gas: 0)
    [ {}  	@parameter ]
  - location: 10 (remaining gas: 133046024 units remaining, internal_gas: 0)
    [ 0  	
      {}  	@parameter ]
  - location: 13 (remaining gas: 133045964 units remaining, internal_gas: 0)
    [ {}  	@parameter
      0  	 ]
  - location: 14 (remaining gas: 133045864 units remaining, internal_gas: 0)
    [ {}  	
      0  	 ]
  - location: 26 (remaining gas: 133045804 units remaining, internal_gas: 0)
    [ {}  	
      {}  	
      0  	 ]
  - location: 28 (remaining gas: 133045744 units remaining, internal_gas: 0)
    [ (Pair {} {})  	
      0  	 ]
  - location: 31 (remaining gas: 133045624 units remaining, internal_gas: 0)
    [  ]
  - location: 30 (remaining gas: 133045604 units remaining, internal_gas: 0)
    [  ]
  - location: 29 (remaining gas: 133045604 units remaining, internal_gas: 0)
    [ (Pair {} {})  	 ]
  - location: -1 (remaining gas: 133045584 units remaining, internal_gas: 0)
    [ (Pair {} {})  	 ]

