tests/test_contract_opcodes.py::TestContractOpcodes::test_contract_input_output[diff_timestamps.tz-111-(Pair "1970-01-01T00:03:20Z" "1970-01-01T00:00:00Z")-200]

storage
  200
emitted operations
  
big_map diff
  
trace
  - location: 8 (remaining gas: 133073536 units remaining)
    [ (Pair (Pair "1970-01-01T00:03:20Z" "1970-01-01T00:00:00Z") 111)  	 ]
  - location: 9 (remaining gas: 133073476 units remaining)
    [ (Pair "1970-01-01T00:03:20Z" "1970-01-01T00:00:00Z")  	@parameter ]
  - location: 10 (remaining gas: 133073416 units remaining)
    [ (Pair "1970-01-01T00:03:20Z" "1970-01-01T00:00:00Z")  	@parameter
      (Pair "1970-01-01T00:03:20Z" "1970-01-01T00:00:00Z")  	@parameter ]
  - location: 11 (remaining gas: 133073356 units remaining)
    [ "1970-01-01T00:03:20Z"  	
      (Pair "1970-01-01T00:03:20Z" "1970-01-01T00:00:00Z")  	@parameter ]
  - location: 14 (remaining gas: 133073236 units remaining)
    [ "1970-01-01T00:00:00Z"  	 ]
  - location: 13 (remaining gas: 133073216 units remaining)
    [ "1970-01-01T00:00:00Z"  	 ]
  - location: 12 (remaining gas: 133073216 units remaining)
    [ "1970-01-01T00:03:20Z"  	
      "1970-01-01T00:00:00Z"  	 ]
  - location: 15 (remaining gas: 133073074 units remaining)
    [ 200  	 ]
  - location: 16 (remaining gas: 133073014 units remaining)
    [ {}  	
      200  	 ]
  - location: 18 (remaining gas: 133072954 units remaining)
    [ (Pair {} 200)  	 ]
  - location: -1 (remaining gas: 133072934 units remaining)
    [ (Pair {} 200)  	 ]

