tests/test_contract_opcodes.py::TestContractOpcodes::test_contract_input_output[ediv.tz-(Pair None None None None)-(Pair -8 2)-(Pair (Some (Pair -4 0)) (Some (Pair -4 0)) (Some (Pair 4 0)) (Some (Pair 4 0)))]

storage
  (Pair (Some (Pair -4 0)) (Some (Pair -4 0)) (Some (Pair 4 0)) (Some (Pair 4 0)))
emitted operations
  
big_map diff
  
trace
  - location: 26 (remaining gas: 1039968.605 units remaining)
    [ (Pair (Pair -8 2) None None None None)  	 ]
  - location: 27 (remaining gas: 1039968.465 units remaining)
    [ (Pair -8 2)  	@parameter ]
  - location: 28 (remaining gas: 1039968.325 units remaining)
    [ (Pair -8 2)  	@parameter
      (Pair -8 2)  	@parameter ]
  - location: 29 (remaining gas: 1039968.185 units remaining)
    [ -8  	
      2  	
      (Pair -8 2)  	@parameter ]
  - location: 30 (remaining gas: 1039968.045 units remaining)
    [ 8  	
      2  	
      (Pair -8 2)  	@parameter ]
  - location: 33 (remaining gas: 1039967.745 units remaining)
    [ 2  	
      (Pair -8 2)  	@parameter ]
  - location: 32 (remaining gas: 1039967.675 units remaining)
    [ 2  	
      (Pair -8 2)  	@parameter ]
  - location: 31 (remaining gas: 1039967.675 units remaining)
    [ 8  	
      2  	
      (Pair -8 2)  	@parameter ]
  - location: 34 (remaining gas: 1039967.315 units remaining)
    [ (Some (Pair 4 0))  	
      (Pair -8 2)  	@parameter ]
  - location: 35 (remaining gas: 1039967.185 units remaining)
    [ (Pair -8 2)  	@parameter
      (Some (Pair 4 0))  	 ]
  - location: 36 (remaining gas: 1039967.045 units remaining)
    [ (Pair -8 2)  	@parameter
      (Pair -8 2)  	@parameter
      (Some (Pair 4 0))  	 ]
  - location: 37 (remaining gas: 1039966.905 units remaining)
    [ -8  	
      2  	
      (Pair -8 2)  	@parameter
      (Some (Pair 4 0))  	 ]
  - location: 38 (remaining gas: 1039966.765 units remaining)
    [ 8  	
      2  	
      (Pair -8 2)  	@parameter
      (Some (Pair 4 0))  	 ]
  - location: 39 (remaining gas: 1039966.405 units remaining)
    [ (Some (Pair 4 0))  	
      (Pair -8 2)  	@parameter
      (Some (Pair 4 0))  	 ]
  - location: 40 (remaining gas: 1039966.275 units remaining)
    [ (Pair -8 2)  	@parameter
      (Some (Pair 4 0))  	
      (Some (Pair 4 0))  	 ]
  - location: 41 (remaining gas: 1039966.135 units remaining)
    [ (Pair -8 2)  	@parameter
      (Pair -8 2)  	@parameter
      (Some (Pair 4 0))  	
      (Some (Pair 4 0))  	 ]
  - location: 42 (remaining gas: 1039965.995 units remaining)
    [ -8  	
      2  	
      (Pair -8 2)  	@parameter
      (Some (Pair 4 0))  	
      (Some (Pair 4 0))  	 ]
  - location: 45 (remaining gas: 1039965.695 units remaining)
    [ 2  	
      (Pair -8 2)  	@parameter
      (Some (Pair 4 0))  	
      (Some (Pair 4 0))  	 ]
  - location: 44 (remaining gas: 1039965.625 units remaining)
    [ 2  	
      (Pair -8 2)  	@parameter
      (Some (Pair 4 0))  	
      (Some (Pair 4 0))  	 ]
  - location: 43 (remaining gas: 1039965.625 units remaining)
    [ -8  	
      2  	
      (Pair -8 2)  	@parameter
      (Some (Pair 4 0))  	
      (Some (Pair 4 0))  	 ]
  - location: 46 (remaining gas: 1039965.265 units remaining)
    [ (Some (Pair -4 0))  	
      (Pair -8 2)  	@parameter
      (Some (Pair 4 0))  	
      (Some (Pair 4 0))  	 ]
  - location: 47 (remaining gas: 1039965.135 units remaining)
    [ (Pair -8 2)  	@parameter
      (Some (Pair -4 0))  	
      (Some (Pair 4 0))  	
      (Some (Pair 4 0))  	 ]
  - location: 48 (remaining gas: 1039964.995 units remaining)
    [ -8  	
      2  	
      (Some (Pair -4 0))  	
      (Some (Pair 4 0))  	
      (Some (Pair 4 0))  	 ]
  - location: 49 (remaining gas: 1039964.635 units remaining)
    [ (Some (Pair -4 0))  	
      (Some (Pair -4 0))  	
      (Some (Pair 4 0))  	
      (Some (Pair 4 0))  	 ]
  - location: 54 (remaining gas: 1039964.267 units remaining)
    [ (Pair (Some (Pair 4 0)) (Some (Pair 4 0)))  	 ]
  - location: 53 (remaining gas: 1039964.197 units remaining)
    [ (Pair (Some (Pair 4 0)) (Some (Pair 4 0)))  	 ]
  - location: 51 (remaining gas: 1039964.197 units remaining)
    [ (Some (Pair -4 0))  	
      (Some (Pair -4 0))  	
      (Pair (Some (Pair 4 0)) (Some (Pair 4 0)))  	 ]
  - location: 57 (remaining gas: 1039963.897 units remaining)
    [ (Pair (Some (Pair -4 0)) (Some (Pair 4 0)) (Some (Pair 4 0)))  	 ]
  - location: 56 (remaining gas: 1039963.827 units remaining)
    [ (Pair (Some (Pair -4 0)) (Some (Pair 4 0)) (Some (Pair 4 0)))  	 ]
  - location: 55 (remaining gas: 1039963.827 units remaining)
    [ (Some (Pair -4 0))  	
      (Pair (Some (Pair -4 0)) (Some (Pair 4 0)) (Some (Pair 4 0)))  	 ]
  - location: 58 (remaining gas: 1039963.687 units remaining)
    [ (Pair (Some (Pair -4 0)) (Some (Pair -4 0)) (Some (Pair 4 0)) (Some (Pair 4 0)))  	 ]
  - location: -1 (remaining gas: 1039963.617 units remaining)
    [ (Pair (Some (Pair -4 0)) (Some (Pair -4 0)) (Some (Pair 4 0)) (Some (Pair 4 0)))  	 ]
  - location: 59 (remaining gas: 1039963.477 units remaining)
    [ {}  	
      (Pair (Some (Pair -4 0)) (Some (Pair -4 0)) (Some (Pair 4 0)) (Some (Pair 4 0)))  	 ]
  - location: 61 (remaining gas: 1039963.337 units remaining)
    [ (Pair {} (Some (Pair -4 0)) (Some (Pair -4 0)) (Some (Pair 4 0)) (Some (Pair 4 0)))  	 ]
  - location: -1 (remaining gas: 1039963.267 units remaining)
    [ (Pair {} (Some (Pair -4 0)) (Some (Pair -4 0)) (Some (Pair 4 0)) (Some (Pair 4 0)))  	 ]

